Component: ARM Compiler 5.06 update 5 (build 528) Tool: armlink [4d35e2]

==============================================================================

Section Cross References

    demo.o(.text) refers to wb_uart.o(.text) for sysprintf
    demo.o(.text) refers to sdglue.o(.text) for sicSdOpen0
    demo.o(.text) refers to demo.o(.data) for g_u32FrameCount
    demo.o(.text) refers to demo.o(.bss) for u8PacketFrameBuffer1
    demo.o(.text) refers to wb_config.o(.text) for sysGetExternalClock
    demo.o(.text) refers to wb_cache.o(.text) for sysDisableCache
    demo.o(.text) refers to wb_timer.o(.text) for sysSetTimerReferenceClock
    demo.o(.text) refers to wb_aic.o(.text) for sysSetLocalInterrupt
    demo.o(.text) refers to nvtfat.o(.text) for fsInitFileSystem
    demo.o(.text) refers to aeabi_sdiv.o(.text_udiv) for __aeabi_uidivmod
    demo.o(.text) refers to sic.o(.text) for sicIoctl
    demo.o(.text) refers to nvtfat_disk.o(.text) for fsAssignDriveNumber
    demo.o(.text) refers to demo.o(.conststring) for .conststring
    demo.o(.text) refers to smpl_ov9660.o(.text) for Smpl_OV9660_VGA
    demo.o(.text) refers to smpl_ov7670.o(.text) for Smpl_OV7670_VGA
    demo.o(.text) refers to smpl_ov7725.o(.text) for Smpl_OV7725_VGA
    demo.o(.text) refers to smpl_nt99141.o(.text) for Smpl_NT99141_VGA
    demo.o(.text) refers to smpl_nt99050.o(.text) for Smpl_NT99050
    demo.o(.text) refers to smpl_nt99160.o(.text) for Smpl_NT99160_VGA
    demo.o(.text) refers to smpl_hm1375.o(.text) for Smpl_HM1375_VGA
    demo.o(.text) refers to smpl_nt99340.o(.text) for Smpl_NT99340_HD
    demo.o(.text) refers to smpl_nt99252.o(.text) for Smpl_NT99252_SVGA
    demo.o(.text) refers to smpl_sp1628.o(.text) for Smpl_SP1628_HD
    demo.o(.text) refers to smpl_tw9912.o(.text) for Smpl_TW9912_VGA
    demo.o(.text) refers to smpl_wt8861.o(.text) for Smpl_WT8861_VGA
    demo.o(.text) refers to smpl_sa71113.o(.text) for Smpl_SA71113_VGA
    demo.o(.text) refers to smpl_gc0308.o(.text) for Smpl_GC0308_VGA
    demo.o(.text) refers to smpl_nt99142.o(.text) for Smpl_NT99142_VGA
    demo.o(.text) refers to smpl_ov10633.o(.text) for Smpl_OV10633_VGA
    demo.o(.text) refers to smpl_sc1046.o(.text) for Smpl_SC1046_HD
    demo.o(.text) refers to smpl_gm7150.o(.text) for Smpl_GM7150_OneField
    demo.o(.text) refers to smpl_tvp5150.o(.text) for Smpl_TVP5150_OneField
    demo.o(.text) refers to smpl_tw9900.o(.text) for Smpl_TW9900_VGA
    demo.o(.text) refers to smpl_hm2056.o(.text) for Smpl_HM2056_HD
    demo.o(.text) refers to smpl_hm1246.o(.text) for Smpl_HM1246_VGA
    demo.o(.text) refers to jpegcodec.o(.text) for jpegOpen
    demo.o(.text) refers to jpegenc.o(.text) for JpegEncTest
    demo.o(.text) refers to smpl_vpost.o(.text) for InitVPOST_2
    filewrite.o(.text) refers to nvtfat_language.o(.text) for fsAsciiToUnicode
    filewrite.o(.text) refers to nvtfat.o(.text) for fsOpenFile
    filewrite.o(.text) refers to wb_uart.o(.text) for sysprintf
    jpegenc.o(.text) refers to _printf_percent.o(.ARM.Collect$$_printf_percent$$00000000) for _printf_percent
    jpegenc.o(.text) refers to _printf_d.o(.ARM.Collect$$_printf_percent$$00000009) for _printf_d
    jpegenc.o(.text) refers to _printf_dec.o(.text) for _printf_int_dec
    jpegenc.o(.text) refers to wb_uart.o(.text) for sysprintf
    jpegenc.o(.text) refers to rt_memclr_w.o(.text) for __aeabi_memclr4
    jpegenc.o(.text) refers to jpegcodec.o(.text) for jpegInit
    jpegenc.o(.text) refers to noretval__2sprintf.o(.text) for __2sprintf
    jpegenc.o(.text) refers to filewrite.o(.text) for WriteFile
    jpegenc.o(.text) refers to jpegenc.o(.bss) for g_au8BitstreamBuffer
    jpegenc.o(.text) refers to jpegenc.o(.data) for uEncodeFrame
    smpl_hm1375.o(.text) refers to libgpio.o(.text) for gpio_setportval
    smpl_hm1375.o(.text) refers to wb_timer.o(.text) for sysDelay
    smpl_hm1375.o(.text) refers to drvi2c.o(.text) for DrvI2C_SendStart
    smpl_hm1375.o(.text) refers to wb_uart.o(.text) for sysprintf
    smpl_hm1375.o(.text) refers to rt_memclr.o(.text) for __aeabi_memclr
    smpl_hm1375.o(.text) refers to smpl_vpost.o(.text) for InitVPOST
    smpl_hm1375.o(.text) refers to w55fa92_videoin.o(.text) for register_vin_device
    smpl_hm1375.o(.text) refers to demo.o(.text) for Delay
    smpl_hm1375.o(.text) refers to smpl_hm1375.o(.data) for g_HM1375_InitTable
    smpl_hm1375.o(.text) refers to demo.o(.bss) for Vin
    smpl_hm1375.o(.text) refers to demo.o(.data) for pVin
    smpl_hm1375.o(.text) refers to wb_aic.o(.text) for sysSetLocalInterrupt
    smpl_i2c.o(.text) refers to drvi2c.o(.text) for DrvI2C_SendStart
    smpl_i2c.o(.text) refers to wb_uart.o(.text) for sysprintf
    smpl_i2c.o(.text) refers to demo.o(.text) for Delay
    smpl_nt99050.o(.text) refers to libgpio.o(.text) for gpio_setportval
    smpl_nt99050.o(.text) refers to wb_timer.o(.text) for sysDelay
    smpl_nt99050.o(.text) refers to drvi2c.o(.text) for DrvI2C_SendStart
[...]
    videoIn1_SetPacketFrameBufferControl     0x0001e930   ARM Code      72  videoin1.o(.text)
    videoIn1_GetPacketFrameBufferControl     0x0001e978   ARM Code      36  videoin1.o(.text)
    videoIn1_InstallCallback                 0x0001e99c   ARM Code     148  videoin1.o(.text)
    videoIn1_Reset                           0x0001ea30   ARM Code      40  videoin1.o(.text)
    videoIn1_EnableInt                       0x0001ea58   ARM Code      96  videoin1.o(.text)
    videoIn1_DisableInt                      0x0001eab8   ARM Code      96  videoin1.o(.text)
    DrvVideoIn1_IsIntEnabled                 0x0001eb18   ARM Code     116  videoin1.o(.text)
    videoIn1_ClearInt                        0x0001eb8c   ARM Code     188  videoin1.o(.text)
    videoIn1_PollInt                         0x0001ec48   ARM Code     116  videoin1.o(.text)
    videoIn1_SetPipeEnable                   0x0001ecbc   ARM Code      56  videoin1.o(.text)
    videoIn1_GetPipeEnable                   0x0001ecf4   ARM Code      32  videoin1.o(.text)
    videoIn1_SetShadowRegister               0x0001ed14   ARM Code      24  videoin1.o(.text)
    videoIn1_SetSensorPolarity               0x0001ed2c   ARM Code     108  videoin1.o(.text)
    DrvVideoIn1_GetSensorPolarity            0x0001ed98   ARM Code      52  videoin1.o(.text)
    videoIn1_SetDataFormatAndOrder           0x0001edcc   ARM Code      56  videoin1.o(.text)
    DrvVideoIn1_GetDataFormatAndOrder        0x0001ee04   ARM Code      48  videoin1.o(.text)
    videoIn1_SetPlanarFormat                 0x0001ee34   ARM Code     132  videoin1.o(.text)
    DrvVideoIn1_GetPlanarFormat              0x0001eeb8   ARM Code      20  videoin1.o(.text)
    videoIn1_SetMotionDet                    0x0001eecc   ARM Code     100  videoin1.o(.text)
    videoIn1_GetMotionDet                    0x0001ef30   ARM Code      48  videoin1.o(.text)
    videoIn1_SetMotionDetEx                  0x0001ef60   ARM Code      52  videoin1.o(.text)
    videoIn1_GetMotionDetEx                  0x0001ef94   ARM Code      44  videoin1.o(.text)
    videoIn1_SetMotionDetFreq                0x0001efc0   ARM Code      36  videoin1.o(.text)
    videoIn1_GetMotionDetFreq                0x0001efe4   ARM Code      20  videoin1.o(.text)
    videoIn1_SetOperationMode                0x0001eff8   ARM Code      36  videoin1.o(.text)
    videoIn1_GetOperationMode                0x0001f01c   ARM Code      20  videoin1.o(.text)
    DrvVideoIn1_GetProcessedDataCount        0x0001f030   ARM Code      52  videoin1.o(.text)
    videoIn1_SetCropWinStartAddr             0x0001f064   ARM Code      36  videoin1.o(.text)
    videoIn1_GetCropWinStartAddr             0x0001f088   ARM Code      40  videoin1.o(.text)
    videoIn1_SetCropWinSize                  0x0001f0b0   ARM Code      36  videoin1.o(.text)
    videoIn1_GetCropWinSize                  0x0001f0d4   ARM Code      40  videoin1.o(.text)
    videoIn1_SetVerticalScaleFactor          0x0001f0fc   ARM Code     208  videoin1.o(.text)
    videoIn1_GetVerticalScaleFactor          0x0001f1cc   ARM Code     128  videoin1.o(.text)
    videoIn1_SetHorizontalScaleFactor        0x0001f24c   ARM Code     192  videoin1.o(.text)
    videoIn1_GetHorizontalScaleFactor        0x0001f30c   ARM Code     120  videoin1.o(.text)
    videoIn1_SetFrameRateScaleFactor         0x0001f384   ARM Code      48  videoin1.o(.text)
    videoIn1_GetFrameRateScaleFactor         0x0001f3b4   ARM Code      32  videoin1.o(.text)
    videoIn1_SetAddressMatch                 0x0001f3d4   ARM Code      12  videoin1.o(.text)
    videoIn1_GetAddressMatch                 0x0001f3e0   ARM Code      16  videoin1.o(.text)
    videoIn1_SetStride                       0x0001f3f0   ARM Code      32  videoin1.o(.text)
    videoIn1_GetStride                       0x0001f410   ARM Code     144  videoin1.o(.text)
    videoIn1_SetBaseStartAddress             0x0001f4a0   ARM Code      92  videoin1.o(.text)
    videoIn1_GetBaseStartAddress             0x0001f4fc   ARM Code     100  videoin1.o(.text)
    videoIn1_SetInputType                    0x0001f560   ARM Code      60  videoin1.o(.text)
    videoIn1_GetInputType                    0x0001f59c   ARM Code      52  videoin1.o(.text)
    videoIn1_SetStandardCCIR656              0x0001f5d0   ARM Code      56  videoin1.o(.text)
    videoIn1_SetFieldDetection               0x0001f608   ARM Code      48  videoin1.o(.text)
    videoIn1_GetFieldDetection               0x0001f638   ARM Code      36  videoin1.o(.text)
    videoIn1_SetColorEffect                  0x0001f65c   ARM Code      52  videoin1.o(.text)
    videoIn1_GetColorEffect                  0x0001f690   ARM Code      24  videoin1.o(.text)
    videoIn1_SetColorEffectParameter         0x0001f6a8   ARM Code      96  videoin1.o(.text)
    videoIn1_GetColorEffectParameter         0x0001f708   ARM Code     128  videoin1.o(.text)
    videoIn1_PreviewPipeSize                 0x0001f788   ARM Code     120  videoin1.o(.text)
    videoin1_EncodePipeSize                  0x0001f800   ARM Code     120  videoin1.o(.text)
    sysGetPhyPageAddr                        0x0001f894   ARM Code      80  wb_mmu.o(.text)
    sysSetCachePages                         0x0001f8e4   ARM Code     176  wb_mmu.o(.text)
    sysInitPageTable                         0x0001f994   ARM Code     236  wb_mmu.o(.text)
    sysSetMMUMappingMethod                   0x0001fa80   ARM Code      16  wb_mmu.o(.text)
    sysInitMMUTable                          0x0001fa90   ARM Code     392  wb_mmu.o(.text)
    fs_fat_init_sector_cache                 0x0001fc30   ARM Code      92  nvtfat_fat_table.o(.text)
    FAT_dump_sector_cache                    0x0001fc8c   ARM Code      24  nvtfat_fat_table.o(.text)
    fs_fat_flush_sector_cache                0x0001fe68   ARM Code     412  nvtfat_fat_table.o(.text)
    fs_fat_check_out_sec                     0x0002002c   ARM Code      92  nvtfat_fat_table.o(.text)
    fs_fat_check_in_sec                      0x00020088   ARM Code      16  nvtfat_fat_table.o(.text)
    fs_fat_clear_sector_cache                0x00020098   ARM Code     112  nvtfat_fat_table.o(.text)
    fs_enable_iow_cache                      0x00020130   ARM Code     140  nvtfat_io.o(.text)
    fsFlushIOCache                           0x00020374   ARM Code      88  nvtfat_io.o(.text)
    fs_flush_iow_cache                       0x000203cc   ARM Code      12  nvtfat_io.o(.text)
    fsInstallIoWriteCallBack                 0x000203d8   ARM Code       4  nvtfat_io.o(.text)
    fsDiskWriteComplete                      0x000203dc   ARM Code       4  nvtfat_io.o(.text)
    fsIOWrite                                0x00020618   ARM Code     608  nvtfat_io.o(.text)
    fsIORead                                 0x00020878   ARM Code     488  nvtfat_io.o(.text)
    read_fs_info                             0x00020a80   ARM Code    1340  nvtfat_ldisk.o(.text)
    fs_fat_parse_partition                   0x00020fbc   ARM Code    1184  nvtfat_ldisk.o(.text)
    lname_to_sname                           0x0002145c   ARM Code     288  nvtfat_ldisk.o(.text)
    sname_compare                            0x000215e8   ARM Code     404  nvtfat_ldisk.o(.text)
    fs_fat_delete_file                       0x00021cbc   ARM Code     868  nvtfat_ldisk.o(.text)
    fs_fat_delete_tree                       0x00022020   ARM Code     764  nvtfat_ldisk.o(.text)
    fs_fat_merge_file                        0x0002231c   ARM Code    1184  nvtfat_ldisk.o(.text)
    fs_fat_create_file                       0x000227bc   ARM Code    1244  nvtfat_ldisk.o(.text)
    fs_fat_rename_file                       0x00022c98   ARM Code    1376  nvtfat_ldisk.o(.text)
    fs_init_sector_buffer                    0x00023580   ARM Code      48  nvtfat_lib.o(.text)
    fsAllocateSector                         0x000235b0   ARM Code     112  nvtfat_lib.o(.text)
    fsFreeSector                             0x00023620   ARM Code      80  nvtfat_lib.o(.text)
    fsToUpperCase                            0x00023670   ARM Code      40  nvtfat_lib.o(.text)
    fsFindLastSlash                          0x00023698   ARM Code      76  nvtfat_lib.o(.text)
    fsTruncatePath                           0x000236e4   ARM Code     108  nvtfat_lib.o(.text)
    unicode_wild_card_comapre                0x0002379c   ARM Code     256  nvtfat_lib.o(.text)
    fsUnicodeWildCardCompare                 0x0002389c   ARM Code     244  nvtfat_lib.o(.text)
    fsDumpBufferHex                          0x00023990   ARM Code      72  nvtfat_lib.o(.text)
    fmiSetCallBack                           0x000239ec   ARM Code      36  fmi.o(.text)
    fmiInitDevice                            0x00023a10   ARM Code      72  fmi.o(.text)
    fmiSetFMIReferenceClock                  0x00023a58   ARM Code      12  fmi.o(.text)
    fmiSDCheckSector                         0x00023a78   ARM Code      84  sd.o(.text)
    fmiCheckRB                               0x00023acc   ARM Code      76  sd.o(.text)
    fmiSDCommand                             0x00023b18   ARM Code     120  sd.o(.text)
    fmiSDCmdAndRsp                           0x00023b90   ARM Code     604  sd.o(.text)
    fmiSDCmdAndRsp2                          0x00023dec   ARM Code     276  sd.o(.text)
    fmiSDCmdAndRspDataIn                     0x00023f00   ARM Code     248  sd.o(.text)
    fmiSD_Change_Driver_Strength             0x00023ff8   ARM Code     256  sd.o(.text)
    fmiSD_Set_clock                          0x000240f8   ARM Code     656  sd.o(.text)
    fmiSD_Init                               0x00024388   ARM Code    1372  sd.o(.text)
    fmiSwitchToHighSpeed                     0x000248e4   ARM Code     392  sd.o(.text)
    fmiSelectCard                            0x00024a6c   ARM Code     800  sd.o(.text)
    fmiSD_Read_in_blksize                    0x00024d8c   ARM Code    1124  sd.o(.text)
    fmiSD_Read_in                            0x000251f0   ARM Code      52  sd.o(.text)
    fmiSD_Write_in                           0x00025224   ARM Code    1072  sd.o(.text)
    fmiGet_SD_info                           0x00025654   ARM Code     680  sd.o(.text)
    fmiSD_Show_info                          0x000258fc   ARM Code     592  sd.o(.text)
    fs_fat_set_sdir_name                     0x00025b4c   ARM Code     172  nvtfat_dir.o(.text)
    fs_fat_get_sdir_name                     0x00025bf8   ARM Code     212  nvtfat_dir.o(.text)
    fs_fat_get_ldir_name                     0x00025ccc   ARM Code     236  nvtfat_dir.o(.text)
    fs_fat_set_dire_mtime                    0x00025db8   ARM Code     260  nvtfat_dir.o(.text)
    fs_fat_get_dire_info                     0x00025ebc   ARM Code     236  nvtfat_dir.o(.text)
    fs_fat_set_dire_info                     0x00025fa8   ARM Code     264  nvtfat_dir.o(.text)
    fs_fat_search_file                       0x00026628   ARM Code     660  nvtfat_dir.o(.text)
    fsInstallFileDelCallBack                 0x000268c4   ARM Code      12  nvtfat_fop.o(.text)
    fs_read_fat_table                        0x000268d0   ARM Code     516  nvtfat_fop.o(.text)
    fs_write_fat_table                       0x00026ad4   ARM Code     676  nvtfat_fop.o(.text)
    fs_update_first_cluster                  0x00026d78   ARM Code     196  nvtfat_fop.o(.text)
    fs_fat_allocate_cluster                  0x00026e3c   ARM Code    1000  nvtfat_fop.o(.text)
    fs_fat_reclaim_clusters                  0x00027224   ARM Code     224  nvtfat_fop.o(.text)
    fsRwDebug                                0x000288f8   ARM Code      28  nvtfat_fop.o(.text)
    fs_fat_get_next_dir_entry                0x00029008   ARM Code     272  nvtfat_fop.o(.text)
    fs_fat_dump_fcb                          0x00029df8   ARM Code       4  nvtfat_fop.o(.text)
    malloc                                   0x00029dfd   Thumb Code    98  h1_alloc.o(.text)
    free                                     0x00029e5f   Thumb Code    76  h1_free.o(.text)
    __aeabi_ldivmod                          0x00029eac   ARM Code       0  llsdiv.o(.text)
    _ll_sdiv                                 0x00029eac   ARM Code      80  llsdiv.o(.text)
    __2printf                                0x00029efd   Thumb Code    22  noretval__2printf.o(.text)
    __2sprintf                               0x00029f19   Thumb Code    36  noretval__2sprintf.o(.text)
    _printf_pre_padding                      0x00029f41   Thumb Code    44  _printf_pad.o(.text)
    _printf_post_padding                     0x00029f6d   Thumb Code    34  _printf_pad.o(.text)
    Inline ARM to Thumb Veneer to _printf_int_dec 0x00029f90   ARM Code       8  _printf_dec.o(.text)
    _printf_int_dec                          0x00029f99   Thumb Code    90  _printf_dec.o(.text)
    __printf                                 0x0002a005   Thumb Code   306  __printf_flags_wp.o(.text)
    strcpy                                   0x0002a13d   Thumb Code    72  strcpy.o(.text)
    strlen                                   0x0002a189   Thumb Code    62  strlen.o(.text)
    strcat                                   0x0002a1cd   Thumb Code    24  strcat.o(.text)
    __aeabi_memcpy                           0x0002a1e4   ARM Code       0  rt_memcpy.o(.text)
    __rt_memcpy                              0x0002a1e4   ARM Code     212  rt_memcpy.o(.text)
    _memcpy_lastbytes                        0x0002a298   ARM Code       0  rt_memcpy.o(.text)
    __aeabi_memcpy4                          0x0002a2b8   ARM Code       0  rt_memcpy_w.o(.text)
    __aeabi_memcpy8                          0x0002a2b8   ARM Code       0  rt_memcpy_w.o(.text)
    __rt_memcpy_w                            0x0002a2b8   ARM Code     100  rt_memcpy_w.o(.text)
    _memcpy_lastbytes_aligned                0x0002a304   ARM Code       0  rt_memcpy_w.o(.text)
    __aeabi_memset                           0x0002a31c   ARM Code      16  aeabi_memset.o(.text)
    __aeabi_memclr                           0x0002a32c   ARM Code       0  rt_memclr.o(.text)
    __rt_memclr                              0x0002a32c   ARM Code      64  rt_memclr.o(.text)
    _memset                                  0x0002a330   ARM Code       0  rt_memclr.o(.text)
    __aeabi_memclr4                          0x0002a36c   ARM Code       0  rt_memclr_w.o(.text)
    __aeabi_memclr8                          0x0002a36c   ARM Code       0  rt_memclr_w.o(.text)
    __rt_memclr_w                            0x0002a36c   ARM Code      84  rt_memclr_w.o(.text)
    _memset_w                                0x0002a370   ARM Code       0  rt_memclr_w.o(.text)
    strncpy                                  0x0002a3c0   ARM Code     104  strncpy.o(.text)
    strcmp                                   0x0002a42c   ARM Code     240  strcmp.o(.text)
    __aeabi_idiv                             0x0002a520   ARM Code       0  aeabi_sdiv.o(.text)
    __aeabi_idivmod                          0x0002a520   ARM Code     380  aeabi_sdiv.o(.text)
    __rt_heap_descriptor                     0x0002a69c   ARM Code      12  rt_heap_descriptor_intlibspace.o(.text)
    __use_no_heap                            0x0002a6a9   Thumb Code     2  hguard.o(.text)
    __heap$guard                             0x0002a6ab   Thumb Code     2  hguard.o(.text)
    _terminate_user_alloc                    0x0002a6ad   Thumb Code     2  init_alloc.o(.text)
    _init_user_alloc                         0x0002a6af   Thumb Code     2  init_alloc.o(.text)
    __Heap_Full                              0x0002a6b1   Thumb Code    32  init_alloc.o(.text)
    __Heap_Broken                            0x0002a6d1   Thumb Code    10  init_alloc.o(.text)
    _init_alloc                              0x0002a6db   Thumb Code    90  init_alloc.o(.text)
    __Heap_Initialize                        0x0002a735   Thumb Code    10  h1_init.o(.text)
    __Heap_DescSize                          0x0002a73f   Thumb Code     4  h1_init.o(.text)
    __aeabi_uldivmod                         0x0002a744   ARM Code       0  lludiv5.o(.text)
    _ll_udiv                                 0x0002a744   ARM Code     752  lludiv5.o(.text)
    _ll_udiv_donemoving                      0x0002a758   ARM Code       0  lludiv5.o(.text)
    _printf_int_common                       0x0002aa35   Thumb Code   176  _printf_intcommon.o(.text)
    _printf_char_common                      0x0002aaef   Thumb Code    32  _printf_char_common.o(.text)
    _sputc                                   0x0002ab15   Thumb Code    10  _sputc.o(.text)
    _printf_char_file                        0x0002ab21   Thumb Code    34  _printf_char_file.o(.text)
    __rt_udiv10                              0x0002ab48   ARM Code      44  rtudiv10.o(.text)
    __user_libspace                          0x0002ab74   ARM Code      12  libspace.o(.text)
    __user_perproc_libspace                  0x0002ab74   ARM Code       0  libspace.o(.text)
    __user_perthread_libspace                0x0002ab74   ARM Code       0  libspace.o(.text)
    __Heap_ProvideMemory                     0x0002ab81   Thumb Code    52  h1_extend.o(.text)
    ferror                                   0x0002abb5   Thumb Code     8  ferror.o(.text)
    _initio                                  0x0002abbd   Thumb Code   216  initio.o(.text)
    _terminateio                             0x0002ac95   Thumb Code    56  initio.o(.text)
    __rt_SIGRTMEM                            0x0002acf9   Thumb Code    12  defsig_rtmem_outer.o(.text)
    __rt_heap_escrow                         0x0002ad05   Thumb Code    24  heapauxa.o(.text)
    __rt_heap_expand                         0x0002ad1d   Thumb Code    52  heapauxa.o(.text)
    _sys_open                                0x0002ad55   Thumb Code    20  sys_io.o(.text)
    _sys_close                               0x0002ad69   Thumb Code    12  sys_io.o(.text)
    _sys_write                               0x0002ad75   Thumb Code    16  sys_io.o(.text)
    _sys_read                                0x0002ad85   Thumb Code    14  sys_io.o(.text)
    _sys_istty                               0x0002ad93   Thumb Code    12  sys_io.o(.text)
    _sys_seek                                0x0002ad9f   Thumb Code    14  sys_io.o(.text)
    _sys_ensure                              0x0002adad   Thumb Code     2  sys_io.o(.text)
    _sys_flen                                0x0002adaf   Thumb Code    12  sys_io.o(.text)
    __I$use$semihosting                      0x0002adbc   ARM Code       0  use_no_semi.o(.text)
    __use_no_semihosting_swi                 0x0002adbc   ARM Code       4  use_no_semi.o(.text)
    __semihosting_library_function           0x0002adc0   ARM Code       0  indicate_semi.o(.text)
    __user_setup_stackheap                   0x0002adc0   ARM Code      96  sys_stackheap_outer.o(.text)
    __flsbuf                                 0x0002ae21   Thumb Code   488  flsbuf.o(.text)
    __flsbuf_byte                            0x0002ae21   Thumb Code     0  flsbuf.o(.text)
    __flsbuf_wide                            0x0002ae21   Thumb Code     0  flsbuf.o(.text)
    setvbuf                                  0x0002b011   Thumb Code    72  setvbuf.o(.text)
    freopen                                  0x0002b05d   Thumb Code   148  fopen.o(.text)
    fopen                                    0x0002b0f1   Thumb Code    76  fopen.o(.text)
    _fclose_internal                         0x0002b145   Thumb Code    72  fclose.o(.text)
    fclose                                   0x0002b145   Thumb Code     0  fclose.o(.text)
    exit                                     0x0002b191   Thumb Code    16  exit.o(.text)
    __sig_exit                               0x0002b1a1   Thumb Code    12  defsig_exit.o(.text)
    __rt_SIGRTRED                            0x0002b1ad   Thumb Code    12  defsig_rtred_outer.o(.text)
    __rt_SIGRTMEM_inner                      0x0002b1b9   Thumb Code    22  defsig_rtmem_inner.o(.text)
    _fseek                                   0x0002b209   Thumb Code   240  fseek.o(.text)
    fseek                                    0x0002b209   Thumb Code     0  fseek.o(.text)
    _seterr                                  0x0002b2fd   Thumb Code    20  stdio.o(.text)
    _writebuf                                0x0002b311   Thumb Code    76  stdio.o(.text)
    _fflush                                  0x0002b35d   Thumb Code    76  stdio.o(.text)
    _deferredlazyseek                        0x0002b3a9   Thumb Code    60  stdio.o(.text)
    __default_signal_display                 0x0002b3ed   Thumb Code    52  defsig_general.o(.text)
    __rt_SIGRTRED_inner                      0x0002b421   Thumb Code    14  defsig_rtred_inner.o(.text)
    _ftell_internal                          0x0002b455   Thumb Code    66  ftell.o(.text)
    ftell                                    0x0002b455   Thumb Code     0  ftell.o(.text)
    __aeabi_errno_addr                       0x0002b498   ARM Code      12  rt_errno_addr_intlibspace.o(.text)
    __errno$intlibspace                      0x0002b498   ARM Code       0  rt_errno_addr_intlibspace.o(.text)
    __rt_errno_addr$intlibspace              0x0002b498   ARM Code       0  rt_errno_addr_intlibspace.o(.text)
    __aeabi_uidiv                            0x0002b4a4   ARM Code       0  aeabi_sdiv.o(.text_udiv)
    __aeabi_uidivmod                         0x0002b4a4   ARM Code      36  aeabi_sdiv.o(.text_udiv)
    sys_flush_and_clean_dcache               0x0002b4c8   ARM Code       0  wb_dcache.o(MEM_INIT)
    sysSetupCP15                             0x0002b4d4   ARM Code       0  wb_sysctl.o(SYS_INIT)
    _is_digit                                0x0002b4f9   Thumb Code    14  __printf_wp.o(i._is_digit)
    fputc                                    0x0002b507   Thumb Code    32  fputc.o(i.fputc)
    vpostAllocVABuffer                       0x0002b570   ARM Code     144  w55fa92_vpost_driver.o(i.vpostAllocVABuffer)
    vpostAllocVABufferFromAP                 0x0002b610   ARM Code      44  w55fa92_vpost_driver.o(i.vpostAllocVABufferFromAP)
    vpostClearInt                            0x0002b644   ARM Code      24  w55fa92_vpost_driver.o(i.vpostClearInt)
    vpostClearVABuffer                       0x0002b660   ARM Code      60  w55fa92_vpost_driver.o(i.vpostClearVABuffer)
    vpostEnableInt                           0x0002b6a4   ARM Code      32  w55fa92_vpost_driver.o(i.vpostEnableInt)
    vpostInstallCallBack                     0x0002b7f0   ARM Code     204  w55fa92_vpost_driver.o(i.vpostInstallCallBack)
    vpostIsIntEnabled                        0x0002b8c4   ARM Code      36  w55fa92_vpost_driver.o(i.vpostIsIntEnabled)
    vpostLCMInit                             0x0002b8ec   ARM Code      28  w55fa92_vpost.o(i.vpostLCMInit)
    vpostLCMInit_GIANTPLUS_GPM1006D0         0x0002b908   ARM Code     460  w55fa92_vpost_giantplus_gpm1006d0.o(i.vpostLCMInit_GIANTPLUS_GPM1006D0)
    vpostSetDataBusPin                       0x0002baf4   ARM Code     464  w55fa92_vpost_driver.o(i.vpostSetDataBusPin)
    vpostSetFrameBuffer                      0x0002bccc   ARM Code      36  w55fa92_vpost.o(i.vpostSetFrameBuffer)
    vpostSetFrameBuffer_DataType             0x0002bcf8   ARM Code      32  w55fa92_vpost_driver.o(i.vpostSetFrameBuffer_DataType)
    vpostSetFrameBuffer_Size                 0x0002bd1c   ARM Code      56  w55fa92_vpost_driver.o(i.vpostSetFrameBuffer_Size)
    vpostSetLCM_ImageSource                  0x0002bd58   ARM Code      28  w55fa92_vpost_driver.o(i.vpostSetLCM_ImageSource)
    vpostSetLCM_TypeSelect                   0x0002bd78   ARM Code      32  w55fa92_vpost_driver.o(i.vpostSetLCM_TypeSelect)
    vpostSetSerialSyncLCM_Interface          0x0002bd9c   ARM Code      32  w55fa92_vpost_driver.o(i.vpostSetSerialSyncLCM_Interface)
    vpostSetSyncLCM_HTiming                  0x0002bdc0   ARM Code      48  w55fa92_vpost_driver.o(i.vpostSetSyncLCM_HTiming)
    vpostSetSyncLCM_ImageWindow              0x0002bdf4   ARM Code      88  w55fa92_vpost_driver.o(i.vpostSetSyncLCM_ImageWindow)
    vpostSetSyncLCM_SignalPolarity           0x0002be50   ARM Code     152  w55fa92_vpost_driver.o(i.vpostSetSyncLCM_SignalPolarity)
    vpostSetSyncLCM_VTiming                  0x0002beec   ARM Code      48  w55fa92_vpost_driver.o(i.vpostSetSyncLCM_VTiming)
    vpostSetYUVEndianSelect                  0x0002bf20   ARM Code      32  w55fa92_vpost_driver.o(i.vpostSetYUVEndianSelect)
    vpostVAStartTrigger                      0x0002bf44   ARM Code      24  w55fa92_vpost_driver.o(i.vpostVAStartTrigger)
    vpostVAStopTrigger                       0x0002bf60   ARM Code      24  w55fa92_vpost_driver.o(i.vpostVAStopTrigger)
    vpostsetLCM_TimingType                   0x0002bf7c   ARM Code      56  w55fa92_vpost_driver.o(i.vpostsetLCM_TimingType)
    __aeabi_fdiv                             0x0002bfb8   ARM Code       0  fdiv.o(x$fpl$fdiv)
    _fdiv                                    0x0002bfb8   ARM Code     396  fdiv.o(x$fpl$fdiv)
    __aeabi_f2uiz                            0x0002c148   ARM Code       0  ffixu.o(x$fpl$ffixu)
    _ffixu                                   0x0002c148   ARM Code      84  ffixu.o(x$fpl$ffixu)
    __aeabi_i2f                              0x0002c19c   ARM Code       0  fflt_clz.o(x$fpl$fflt)
    _fflt                                    0x0002c19c   ARM Code      48  fflt_clz.o(x$fpl$fflt)
    __aeabi_ui2f                             0x0002c1cc   ARM Code       0  fflt_clz.o(x$fpl$ffltu)
    _ffltu                                   0x0002c1cc   ARM Code      40  fflt_clz.o(x$fpl$ffltu)
    __aeabi_fmul                             0x0002c1f4   ARM Code       0  fmul.o(x$fpl$fmul)
    _fmul                                    0x0002c1f4   ARM Code     256  fmul.o(x$fpl$fmul)
    __fpl_fnaninf                            0x0002c2f4   ARM Code     160  fnaninf.o(x$fpl$fnaninf)
    __fpl_fretinf                            0x0002c394   ARM Code      16  fretinf.o(x$fpl$fretinf)
    __I$use$fp                               0x0002c3a4   Number         0  usenofp.o(x$fpl$usenofp)
    __stdin_name                             0x0002c539   Data           4  sys_io.o(.constdata)
    __stdout_name                            0x0002c53d   Data           4  sys_io.o(.constdata)
    __stderr_name                            0x0002c541   Data           4  sys_io.o(.constdata)
    Region$$Table$$Base                      0x0002d0f8   Number         0  anon$$obj.o(Region$$Table)
    Region$$Table$$Limit                     0x0002d128   Number         0  anon$$obj.o(Region$$Table)
    pVin                                     0x0002d128   Data           4  demo.o(.data)
    g_u32FrameCount                          0x0002d12c   Data           4  demo.o(.data)
    g_u32FrameCount1                         0x0002d130   Data           4  demo.o(.data)
    bIsFrameBuffer0                          0x0002d134   Data           1  demo.o(.data)
    bIsFrameBuffer1                          0x0002d135   Data           1  demo.o(.data)
    bIsFrameBuffer2                          0x0002d136   Data           1  demo.o(.data)
    u32VideoInIdx                            0x0002d138   Data           4  demo.o(.data)
    u32PlanarIdx                             0x0002d13c   Data           4  demo.o(.data)
    pVin2                                    0x0002d140   Data           4  demo.o(.data)
    u32VideoIn2Idx                           0x0002d144   Data           4  demo.o(.data)
    u32Planar2Idx                            0x0002d148   Data           4  demo.o(.data)
    bIsVin2FrameBuffer0                      0x0002d14c   Data           1  demo.o(.data)
    bIsVin2FrameBuffer1                      0x0002d14d   Data           1  demo.o(.data)
    bIsVin2FrameBuffer2                      0x0002d14e   Data           1  demo.o(.data)
    u3210msFlag                              0x0002d150   Data           4  demo.o(.data)
    pSensorIQ                                0x0002d154   Data           4  demo.o(.data)
    g_pu8EncFrameBuffer                      0x0002d160   Data           4  jpegenc.o(.data)
    g_sHM1375_HD720                          0x0002d168   Data        2120  smpl_hm1375.o(.data)
    g_sHM1375_VGA                            0x0002d9b0   Data        2136  smpl_hm1375.o(.data)
    g_HM1375_InitTable                       0x0002e208   Data          24  smpl_hm1375.o(.data)
    g_sNT99050_RegValue                      0x0002e22c   Data         624  smpl_nt99050.o(.data)
    g_sNT99141_Init                          0x0002e4e4   Data         436  smpl_nt99141.o(.data)
    g_sNT99141_HD720                         0x0002e698   Data           4  smpl_nt99141.o(.data)
    g_sNT99141_SVGA                          0x0002e69c   Data           4  smpl_nt99141.o(.data)
    g_sNT99141_VGA                           0x0002e6a0   Data           4  smpl_nt99141.o(.data)
    g_NT99141_InitTable                      0x0002e6a4   Data          40  smpl_nt99141.o(.data)
    g_sNT99160_Init                          0x0002e6d8   Data         608  smpl_nt99160.o(.data)
    g_sNT99160_HD720                         0x0002e938   Data           4  smpl_nt99160.o(.data)
    g_sNT99160_SVGA                          0x0002e93c   Data           4  smpl_nt99160.o(.data)
    g_sNT99160_VGA                           0x0002e940   Data           4  smpl_nt99160.o(.data)
    g_NT99160_InitTable                      0x0002e944   Data          40  smpl_nt99160.o(.data)
    g_sNT99252_Init                          0x0002e978   Data         500  smpl_nt99252.o(.data)
    g_sNT99252_SVGA                          0x0002eb6c   Data         256  smpl_nt99252.o(.data)
    g_sNT99252_HD720                         0x0002ec6c   Data         224  smpl_nt99252.o(.data)
    g_sNT99252_UXGA                          0x0002ed4c   Data         224  smpl_nt99252.o(.data)
    g_NT99252_InitTable                      0x0002ee2c   Data          40  smpl_nt99252.o(.data)
    g_sNT99340_Init                          0x0002ee60   Data         748  smpl_nt99340.o(.data)
    g_sNT99340_QXGA                          0x0002f14c   Data         228  smpl_nt99340.o(.data)
    g_sNT99340_FULLHD                        0x0002f230   Data         260  smpl_nt99340.o(.data)
    g_sNT99340_HD720                         0x0002f334   Data         260  smpl_nt99340.o(.data)
    g_NT99340_InitTable                      0x0002f438   Data          40  smpl_nt99340.o(.data)
    g_sOV7670_RegValue                       0x0002f46c   Data         344  smpl_ov7670.o(.data)
    g_sOV9660_SXGA_RegValue                  0x0002f800   Data         252  smpl_ov9660.o(.data)
    g_sSP1628_Init                           0x0002fc90   Data           2  smpl_sp1628.o(.data)
    g_sSP1628_HD720                          0x0002fc92   Data         752  smpl_sp1628.o(.data)
    g_sSP1628_SVGA                           0x0002ff82   Data         752  smpl_sp1628.o(.data)
    g_sSP1628_VGA                            0x00030272   Data         752  smpl_sp1628.o(.data)
    g_SP1628_InitTable                       0x00030564   Data          40  smpl_sp1628.o(.data)
    g_sNT99142_Init                          0x00030940   Data         788  smpl_nt99142.o(.data)
    g_sNT99142_HD720                         0x00030c54   Data           4  smpl_nt99142.o(.data)
    g_sNT99142_SVGA                          0x00030c58   Data           4  smpl_nt99142.o(.data)
    g_sNT99142_VGA                           0x00030c5c   Data           4  smpl_nt99142.o(.data)
    g_NT99142_InitTable                      0x00030c60   Data          40  smpl_nt99142.o(.data)
    g_sOV10633_Init                          0x00030c94   Data         144  smpl_ov10633.o(.data)
    g_sOV10633_HD720                         0x00030d24   Data        4212  smpl_ov10633.o(.data)
    g_sOV10633_VGA                           0x00031d98   Data        4204  smpl_ov10633.o(.data)
    g_OV10633_InitTable                      0x00032e04   Data          32  smpl_ov10633.o(.data)
    ImageQualityTbl                          0x00032e28   Data          32  smpl_ov10633.o(.data)
    g_sSC1046_HD720                          0x00032e48   Data           4  smpl_sc1046.o(.data)
    g_SC1046_InitTable                       0x00032e4c   Data          16  smpl_sc1046.o(.data)
    g_sHM1246_INIT                           0x00032ec8   Data        2872  smpl_hm1246.o(.data)
    g_sHM1246_VGA                            0x00033a00   Data         216  smpl_hm1246.o(.data)
    g_sHM1246_HD720P                         0x00033ad8   Data         216  smpl_hm1246.o(.data)
    g_sHM1246_SXGA                           0x00033bb0   Data        2876  smpl_hm1246.o(.data)
    g_HM1246_InitTable                       0x000346ec   Data          40  smpl_hm1246.o(.data)
    g_sHM2056_VGA                            0x00034724   Data        2060  smpl_hm2056.o(.data)
    g_sHM2056_HD720                          0x00034f30   Data        2176  smpl_hm2056.o(.data)
    g_HM2056_InitTable                       0x000357b0   Data          24  smpl_hm2056.o(.data)
    nvt_vin0                                 0x000357dc   Data         104  videoin0.o(.data)
    _sys_bIsAICInitial                       0x00035844   Data           1  wb_aic.o(.data)
    _sys_bIsHWMode                           0x00035845   Data           1  wb_aic.o(.data)
    sysIrqHandlerTable                       0x00035848   Data         192  wb_aic.o(.data)
    sysFiqHandlerTable                       0x00035908   Data         192  wb_aic.o(.data)
    _sys_IsCacheOn                           0x000359c8   Data           1  wb_cache.o(.data)
    _sys_CacheMode                           0x000359cc   Data           4  wb_cache.o(.data)
    bIsFirstReadClkSkew                      0x000359f0   Data           1  wb_config.o(.data)
    u32ClkSkewInit                           0x000359f4   Data           4  wb_config.o(.data)
    bIsCheckConstraint                       0x000359f8   Data           1  wb_config.o(.data)
    bIsAPLLInitialize                        0x000359f9   Data           1  wb_config.o(.data)
    _sys_pvOldTimer0Vect                     0x000359fc   Data           4  wb_timer.o(.data)
    _sys_uTimer0ClockRate                    0x00035a00   Data           4  wb_timer.o(.data)
    _sys_uTimer0Count                        0x00035a04   Data           4  wb_timer.o(.data)
    _sys_uTime0EventCount                    0x00035a08   Data           4  wb_timer.o(.data)
    _sys_uTimer0TickPerSecond                0x00035a0c   Data           4  wb_timer.o(.data)
    _sys_bIsSetTime0Event                    0x00035a10   Data           1  wb_timer.o(.data)
    _sys_bIsTimer0Initial                    0x00035a11   Data           1  wb_timer.o(.data)
    _sys_pvOldTimer1Vect                     0x00035a14   Data           4  wb_timer.o(.data)
    _sys_uTimer1ClockRate                    0x00035a18   Data           4  wb_timer.o(.data)
    _sys_uTimer1Count                        0x00035a1c   Data           4  wb_timer.o(.data)
    _sys_uTime1EventCount                    0x00035a20   Data           4  wb_timer.o(.data)
    _sys_uTimer1TickPerSecond                0x00035a24   Data           4  wb_timer.o(.data)
    _sys_bIsSetTime1Event                    0x00035a28   Data           1  wb_timer.o(.data)
    _sys_bIsTimer1Initial                    0x00035a29   Data           1  wb_timer.o(.data)
    _sys_pvOldTimer2Vect                     0x00035a2c   Data           4  wb_timer.o(.data)
    _sys_uTimer2ClockRate                    0x00035a30   Data           4  wb_timer.o(.data)
    _sys_uTimer2Count                        0x00035a34   Data           4  wb_timer.o(.data)
    _sys_uTime2EventCount                    0x00035a38   Data           4  wb_timer.o(.data)
    _sys_uTimer2TickPerSecond                0x00035a3c   Data           4  wb_timer.o(.data)
    _sys_bIsSetTime2Event                    0x00035a40   Data           1  wb_timer.o(.data)
    _sys_bIsTimer2Initial                    0x00035a41   Data           1  wb_timer.o(.data)
    _sys_pvOldTimer3Vect                     0x00035a44   Data           4  wb_timer.o(.data)
    _sys_uTimer3ClockRate                    0x00035a48   Data           4  wb_timer.o(.data)
    _sys_uTimer3Count                        0x00035a4c   Data           4  wb_timer.o(.data)
    _sys_uTime3EventCount                    0x00035a50   Data           4  wb_timer.o(.data)
    _sys_uTimer3TickPerSecond                0x00035a54   Data           4  wb_timer.o(.data)
    _sys_bIsSetTime3Event                    0x00035a58   Data           1  wb_timer.o(.data)
    _sys_bIsTimer3Initial                    0x00035a59   Data           1  wb_timer.o(.data)
    _sys_ReferenceTime_Clock                 0x00035a5c   Data           4  wb_timer.o(.data)
    _sys_ReferenceTime_UTC                   0x00035a60   Data           4  wb_timer.o(.data)
    _sys_bIsUARTInitial                      0x00035a94   Data           1  wb_uart.o(.data)
    _sys_bIsUseUARTInt                       0x00035a95   Data           1  wb_uart.o(.data)
    _sys_uUARTClockRate                      0x00035a98   Data           4  wb_uart.o(.data)
    rx_cnt                                   0x00035a9c   Data           4  wb_uart.o(.data)
    _sys_uUartTxHead                         0x00035aa0   Data           4  wb_uart.o(.data)
    _sys_uUartTxTail                         0x00035aa4   Data           4  wb_uart.o(.data)
    _sys_pvOldUartVect                       0x00035aa8   Data           4  wb_uart.o(.data)
    u32UartPort                              0x00035aac   Data           4  wb_uart.o(.data)
    i32UsedPort                              0x00035ab0   Data           4  wb_uart.o(.data)
    g_VAFrameBuf                             0x00035ab8   Data           4  w55fa92_vpost.o(.data)
    g_VAOrigFrameBuf                         0x00035abc   Data           4  w55fa92_vpost.o(.data)
    g_nFrameBufferSize                       0x00035ac0   Data           4  w55fa92_vpost_driver.o(.data)
    g_bWait                                  0x00035ac4   Data           1  jpegcodec.o(.data)
    g_jpegError                              0x00035ac5   Data           1  jpegcodec.o(.data)
    g_bScale                                 0x00035ac6   Data           1  jpegcodec.o(.data)
    g_OutputWait                             0x00035ac7   Data           1  jpegcodec.o(.data)
    g_InputWait                              0x00035ac8   Data           1  jpegcodec.o(.data)
    g_u32WindowDec                           0x00035ac9   Data           1  jpegcodec.o(.data)
    g_bEncThumbnailDownScale                 0x00035aca   Data           1  jpegcodec.o(.data)
    g_bEncPrimaryDownScale                   0x00035acb   Data           1  jpegcodec.o(.data)
    g_u32EncRotate                           0x00035acc   Data           4  jpegcodec.o(.data)
    pfnJpegDecodeComplete                    0x00035ad0   Data           4  jpegcodec.o(.data)
    pfnJpegDecodeError                       0x00035ad4   Data           4  jpegcodec.o(.data)
    pfnJpegEncodeComplete                    0x00035ad8   Data           4  jpegcodec.o(.data)
    pfnJpegHeaderDecode                      0x00035adc   Data           4  jpegcodec.o(.data)
    pfnJpegDecInputWait                      0x00035ae0   Data           4  jpegcodec.o(.data)
    pfnJpegDecOutputWait                     0x00035ae4   Data           4  jpegcodec.o(.data)
    g_au8QTable0                             0x00035ae8   Data          64  jpegcodec.o(.data)
    g_au8QTable1                             0x00035b28   Data          64  jpegcodec.o(.data)
    g_au8QTable2                             0x00035b68   Data          64  jpegcodec.o(.data)
    g_u32Stride                              0x00035ba8   Data           4  jpegcodec.o(.data)
    g_u32ScaleWidth                          0x00035bac   Data           4  jpegcodec.o(.data)
    g_u32ScaleHeight                         0x00035bb0   Data           4  jpegcodec.o(.data)
    g_u32OpMode                              0x00035bb4   Data           4  jpegcodec.o(.data)
    g_u32BufferCount                         0x00035bb8   Data           4  jpegcodec.o(.data)
    g_u32DecInputWaitAddr                    0x00035bbc   Data           4  jpegcodec.o(.data)
    g_u16BufferSize                          0x00035bc0   Data           2  jpegcodec.o(.data)
    g_u16ReserveSize                         0x00035bc2   Data           2  jpegcodec.o(.data)
    g_u32OutputFormat                        0x00035bc4   Data           4  jpegcodec.o(.data)
    g_u32windowSizeX                         0x00035bc8   Data           4  jpegcodec.o(.data)
    g_u32windowSizeY                         0x00035bcc   Data           4  jpegcodec.o(.data)
    _fs_bIsFileSystemInited                  0x00035bd0   Data           1  nvtfat.o(.data)
    _fs_bLockFileSystem                      0x00035bd1   Data           1  nvtfat.o(.data)
    _fs_ptPDiskList                          0x00035bdc   Data           4  nvtfat_disk.o(.data)
    _fs_ptLDiskList                          0x00035be0   Data           4  nvtfat_disk.o(.data)
    mount_callback                           0x00035be4   Data           4  nvtfat_disk.o(.data)
    unmount_callback                         0x00035be8   Data           4  nvtfat_disk.o(.data)
    pSD0                                     0x00035bec   Data           4  sdglue.o(.data)
    pSD1                                     0x00035bf0   Data           4  sdglue.o(.data)
    pSD2                                     0x00035bf4   Data           4  sdglue.o(.data)
    pSD0_offset                              0x00035bf8   Data           1  sdglue.o(.data)
    pSD1_offset                              0x00035bf9   Data           1  sdglue.o(.data)
    pSD2_offset                              0x00035bfa   Data           1  sdglue.o(.data)
    pDisk_SD0                                0x00035bfc   Data           4  sdglue.o(.data)
    pDisk_SD1                                0x00035c00   Data           4  sdglue.o(.data)
    pDisk_SD2                                0x00035c04   Data           4  sdglue.o(.data)
    g_SD0_card_detect                        0x00035c08   Data           4  sdglue.o(.data)
    _SDDiskDriver                            0x00035c0c   Data          16  sdglue.o(.data)
    _SD0DiskDriver                           0x00035c1c   Data          16  sdglue.o(.data)
    _SD1DiskDriver                           0x00035c2c   Data          16  sdglue.o(.data)
    _SD2DiskDriver                           0x00035c3c   Data          16  sdglue.o(.data)
    nvt_vin1                                 0x00035c64   Data         104  videoin1.o(.data)
    _fsIocCacheHit                           0x00035ce4   Data           4  nvtfat_io.o(.data)
    _fsIocCacheMiss                          0x00035ce8   Data           4  nvtfat_io.o(.data)
    _fsIocDirectWrite                        0x00035cec   Data           4  nvtfat_io.o(.data)
    _fsIocDirectRead                         0x00035cf0   Data           4  nvtfat_io.o(.data)
    _fs_tFatDiskOperation                    0x00035cf4   Data          24  nvtfat_ldisk.o(.data)
    _fmi_bIsSDDataReady                      0x00035d1c   Data           1  fmi.o(.data)
    _fmi_bIsSMDataReady                      0x00035d1d   Data           1  fmi.o(.data)
    _fmi_bIsSMPRegionDetect                  0x00035d1e   Data           1  fmi.o(.data)
    fmiSD0RemoveFun                          0x00035d20   Data           4  fmi.o(.data)
    fmiSD0InsertFun                          0x00035d24   Data           4  fmi.o(.data)
    _fmi_uFMIReferenceClock                  0x00035d28   Data           4  fmi.o(.data)
    _fmi_uR3_CMD                             0x00035d2c   Data           4  sd.o(.data)
    _fmi_uR7_CMD                             0x00035d30   Data           4  sd.o(.data)
    current_sd_clock_khz                     0x00035d34   Data           4  sd.o(.data)
    _fmi_pSDHCBuffer                         0x00035d38   Data           4  sd.o(.data)
    g_max_valid_sector                       0x00035d3c   Data           4  sd.o(.data)
    file_del_cb                              0x00035d40   Data           4  nvtfat_fop.o(.data)
    _fs_tFatFileOperation                    0x00035d44   Data          48  nvtfat_fop.o(.data)
    __aeabi_stdin                            0x00035d74   Data           4  stdio_streams.o(.data)
    __aeabi_stdout                           0x00035d78   Data           4  stdio_streams.o(.data)
    __aeabi_stderr                           0x00035d7c   Data           4  stdio_streams.o(.data)
    u8PacketFrameBuffer                      0x00035e00   Data       153600  demo.o(.bss)
    u8PacketFrameBuffer1                     0x0005b600   Data       153600  demo.o(.bss)
    u8PacketFrameBuffer2                     0x00080e00   Data       153600  demo.o(.bss)
    u8PlanarFrameBuffer                      0x000a6600   Data       1843200  demo.o(.bss)
    u8PlanarFrameBuffer1                     0x00268600   Data       1843200  demo.o(.bss)
    Vin                                      0x0042a600   Data         104  demo.o(.bss)
    u8PacketFrameBuffer2_0                   0x0042a668   Data       153600  demo.o(.bss)
    u8PacketFrameBuffer2_1                   0x0044fe68   Data       153600  demo.o(.bss)
    u8PacketFrameBuffer2_2                   0x00475668   Data       153600  demo.o(.bss)
    u8PlanarFrameBuffer2_0                   0x0049af00   Data       614400  demo.o(.bss)
    u8PlanarFrameBuffer2_1                   0x00530f00   Data       614400  demo.o(.bss)
    u8MDY                                    0x005c6f00   Data        5296  demo.o(.bss)
    u8MDO                                    0x005c8400   Data        5296  demo.o(.bss)
    Vin2                                     0x005c98b0   Data         104  demo.o(.bss)
    SensorIQ                                 0x005c9918   Data          32  demo.o(.bss)
    g_au8BitstreamBuffer                     0x005c9940   Data       1048576  jpegenc.o(.bss)
    pfnvideoIn0_IntHandlerTable              0x006c9950   Data          16  videoin0.o(.bss)
    tTime0Event                              0x006c9960   Data         160  wb_timer.o(.bss)
    tTime1Event                              0x006c9a00   Data         160  wb_timer.o(.bss)
    tTime2Event                              0x006c9aa0   Data         160  wb_timer.o(.bss)
    tTime3Event                              0x006c9b40   Data         160  wb_timer.o(.bss)
    pfnUartIntHandlerTable                   0x006c9be0   Data          16  wb_uart.o(.bss)
    uart_rx                                  0x006c9bf0   Data         100  wb_uart.o(.bss)
    _sys_ucUartTxBuf                         0x006c9c54   Data         256  wb_uart.o(.bss)
    g_pfnVpostCallback                       0x006c9d54   Data          16  w55fa92_vpost_driver.o(.bss)
    _ucDriveNumberSlot                       0x006d8980   Data          26  nvtfat_disk.o(.bss)
    _fs_FixedDriveList                       0x006d899c   Data         520  nvtfat_disk.o(.bss)
    SD_DiskInfo0                             0x006d8c04   Data         112  sdglue.o(.bss)
    SD_DiskInfo1                             0x006d8c74   Data         112  sdglue.o(.bss)
    SD_DiskInfo2                             0x006d8ce4   Data         112  sdglue.o(.bss)
    pfnvideoIn1_IntHandlerTable              0x006d8d54   Data          16  videoin1.o(.bss)
    _mmuSectionTable                         0x006dc000   Data       16384  wb_mmu.o(.bss)
    _tmp_buf                                 0x00700000   Data        8192  wb_power.o(.bss)
    _ptFatSecBuff                            0x0070a000   Data         256  nvtfat_fat_table.o(.bss)
    _pucIOWCacheBuffPool                     0x0070b000   Data       131072  nvtfat_io.o(.bss)
    _pucSecBuffPool                          0x0072b200   Data        4096  nvtfat_lib.o(.bss)
    _fmi_ucSDHCBuffer                        0x0072d000   Data         512  sd.o(.bss)
    __stdin                                  0x0072d200   Data          84  stdio_streams.o(.bss)
    __stdout                                 0x0072d254   Data          84  stdio_streams.o(.bss)
    __stderr                                 0x0072d2a8   Data          84  stdio_streams.o(.bss)
    __libspace_start                         0x0072d2fc   Data          96  libspace.o(.bss)
    Image$$ZI$$Limit                         0x0072d35c   Number         0  anon$$obj.o ABSOLUTE
    __temporary_stack_top$libspace           0x0072d35c   Data           0  libspace.o(.bss)



==============================================================================

Memory Map of the image

  Image Entry point : 0x00000058

  Load Region LR_IROM1 (Base: 0x00000000, Size: 0x00035d84, Max: 0x04000000, ABSOLUTE, COMPRESSED[0x00031a38])

    Execution Region ER_IROM1 (Base: 0x00000000, Size: 0x0002d128, Max: 0x04000000, ABSOLUTE)

    Base Addr    Size         Type   Attr      Idx    E Section Name        Object

    0x00000000   0x000000b0   Code   RO          320  * WB_INIT             wb_init.o
    0x000000b0   0x00000008   Code   RO         1701  * !!!main             c_5.l(__main.o)
    0x000000b8   0x0000003c   Code   RO         2023    !!!scatter          c_5.l(__scatter.o)
    0x000000f4   0x00000060   Code   RO         2021    !!dclz77c           c_5.l(__dclz77c.o)
    0x00000154   0x00000028   Code   RO         2025    !!handler_copy      c_5.l(__scatter_copy.o)
    0x0000017c   0x0000002c   Code   RO         2027    !!handler_zi        c_5.l(__scatter_zi.o)
    0x000001a8   0x00000000   Code   RO         1662    .ARM.Collect$$_printf_percent$$00000000  c_5.l(_printf_percent.o)
    0x000001a8   0x00000008   Code   RO         1661    .ARM.Collect$$_printf_percent$$00000009  c_5.l(_printf_d.o)
    0x000001b0   0x00000008   Code   RO         1761    .ARM.Collect$$_printf_percent$$00000017  c_5.l(_printf_percent_end.o)
    0x000001b8   0x00000002   Code   RO         1935    .ARM.Collect$$libinit$$00000000  c_5.l(libinit.o)
    0x000001ba   0x00000000   Code   RO         1773    .ARM.Collect$$libinit$$00000002  c_5.l(libinit2.o)
    0x000001ba   0x00000000   Code   RO         1775    .ARM.Collect$$libinit$$00000004  c_5.l(libinit2.o)
    0x000001ba   0x00000008   Code   RO         1776    .ARM.Collect$$libinit$$00000005  c_5.l(libinit2.o)
    0x000001c2   0x00000000   Code   RO         1778    .ARM.Collect$$libinit$$0000000A  c_5.l(libinit2.o)
    0x000001c2   0x00000000   Code   RO         1780    .ARM.Collect$$libinit$$0000000C  c_5.l(libinit2.o)
    0x000001c2   0x00000000   Code   RO         1782    .ARM.Collect$$libinit$$0000000E  c_5.l(libinit2.o)
    0x000001c2   0x00000000   Code   RO         1785    .ARM.Collect$$libinit$$00000011  c_5.l(libinit2.o)
    0x000001c2   0x00000000   Code   RO         1787    .ARM.Collect$$libinit$$00000013  c_5.l(libinit2.o)
    0x000001c2   0x00000000   Code   RO         1789    .ARM.Collect$$libinit$$00000015  c_5.l(libinit2.o)
    0x000001c2   0x00000000   Code   RO         1791    .ARM.Collect$$libinit$$00000017  c_5.l(libinit2.o)
    0x000001c2   0x00000000   Code   RO         1793    .ARM.Collect$$libinit$$00000019  c_5.l(libinit2.o)
    0x000001c2   0x00000000   Code   RO         1795    .ARM.Collect$$libinit$$0000001B  c_5.l(libinit2.o)
    0x000001c2   0x00000000   Code   RO         1797    .ARM.Collect$$libinit$$0000001D  c_5.l(libinit2.o)
    0x000001c2   0x00000000   Code   RO         1799    .ARM.Collect$$libinit$$0000001F  c_5.l(libinit2.o)
    0x000001c2   0x00000000   Code   RO         1801    .ARM.Collect$$libinit$$00000021  c_5.l(libinit2.o)
    0x000001c2   0x00000000   Code   RO         1803    .ARM.Collect$$libinit$$00000023  c_5.l(libinit2.o)
    0x000001c2   0x00000004   Code   RO         1804    .ARM.Collect$$libinit$$00000024  c_5.l(libinit2.o)
    0x000001c6   0x00000000   Code   RO         1805    .ARM.Collect$$libinit$$00000025  c_5.l(libinit2.o)
    0x000001c6   0x00000000   Code   RO         1809    .ARM.Collect$$libinit$$0000002C  c_5.l(libinit2.o)
    0x000001c6   0x00000000   Code   RO         1811    .ARM.Collect$$libinit$$0000002E  c_5.l(libinit2.o)
    0x000001c6   0x00000000   Code   RO         1813    .ARM.Collect$$libinit$$00000030  c_5.l(libinit2.o)
    0x000001c6   0x00000000   Code   RO         1815    .ARM.Collect$$libinit$$00000032  c_5.l(libinit2.o)
    0x000001c6   0x00000002   Code   RO         1816    .ARM.Collect$$libinit$$00000033  c_5.l(libinit2.o)
    0x000001c8   0x00000002   Code   RO         2018    .ARM.Collect$$libshutdown$$00000000  c_5.l(libshutdown.o)
    0x000001ca   0x00000000   Code   RO         1937    .ARM.Collect$$libshutdown$$00000002  c_5.l(libshutdown2.o)
    0x000001ca   0x00000004   Code   RO         1938    .ARM.Collect$$libshutdown$$00000003  c_5.l(libshutdown2.o)
    0x000001ce   0x00000000   Code   RO         1939    .ARM.Collect$$libshutdown$$00000004  c_5.l(libshutdown2.o)
    0x000001ce   0x00000000   Code   RO         1942    .ARM.Collect$$libshutdown$$00000007  c_5.l(libshutdown2.o)
    0x000001ce   0x00000000   Code   RO         1945    .ARM.Collect$$libshutdown$$0000000A  c_5.l(libshutdown2.o)
    0x000001ce   0x00000000   Code   RO         1947    .ARM.Collect$$libshutdown$$0000000C  c_5.l(libshutdown2.o)
    0x000001ce   0x00000000   Code   RO         1950    .ARM.Collect$$libshutdown$$0000000F  c_5.l(libshutdown2.o)
    0x000001ce   0x00000002   Code   RO         1951    .ARM.Collect$$libshutdown$$00000010  c_5.l(libshutdown2.o)
    0x000001d0   0x00000000   Code   RO         1721    .ARM.Collect$$rtentry$$00000000  c_5.l(__rtentry.o)
    0x000001d0   0x00000000   Code   RO         1828    .ARM.Collect$$rtentry$$00000002  c_5.l(__rtentry2.o)
    0x000001d0   0x00000008   Code   RO         1840    .ARM.Collect$$rtentry$$00000004  c_5.l(__rtentry4.o)
    0x000001d8   0x00000000   Code   RO         1830    .ARM.Collect$$rtentry$$00000009  c_5.l(__rtentry2.o)
    0x000001d8   0x00000004   Code   RO         1831    .ARM.Collect$$rtentry$$0000000A  c_5.l(__rtentry2.o)
    0x000001dc   0x00000000   Code   RO         1833    .ARM.Collect$$rtentry$$0000000C  c_5.l(__rtentry2.o)
    0x000001dc   0x00000028   Code   RO         1834    .ARM.Collect$$rtentry$$0000000D  c_5.l(__rtentry2.o)
    0x00000204   0x00000004   Code   RO         1954    .ARM.Collect$$rtexit$$00000000  c_5.l(rtexit.o)
    0x00000208   0x00000000   Code   RO         1981    .ARM.Collect$$rtexit$$00000002  c_5.l(rtexit2.o)
    0x00000208   0x00000004   Code   RO         1982    .ARM.Collect$$rtexit$$00000003  c_5.l(rtexit2.o)
    0x0000020c   0x00000008   Code   RO         1983    .ARM.Collect$$rtexit$$00000004  c_5.l(rtexit2.o)
    0x00000214   0x00000000   Code   RO         1850    .emb_text           c_5.l(maybetermalloc1.o)
    0x00000214   0x000018bc   Code   RO            1    .text               demo.o
    0x00001ad0   0x00000168   Code   RO           72    .text               filewrite.o
    0x00001c38   0x0000027c   Code   RO           98    .text               jpegenc.o
    0x00001eb4   0x00000910   Code   RO          128    .text               smpl_hm1375.o
    0x000027c4   0x00000124   Code   RO          151    .text               smpl_i2c.o
    0x000028e8   0x000006c8   Code   RO          163    .text               smpl_nt99050.o
    0x00002fb0   0x00000ee4   Code   RO          182    .text               smpl_nt99141.o
    0x00003e94   0x00000be4   Code   RO          198    .text               smpl_nt99160.o
    0x00004a78   0x00000950   Code   RO          214    .text               smpl_nt99252.o
    0x000053c8   0x00000be4   Code   RO          230    .text               smpl_nt99340.o
    0x00005fac   0x000005a4   Code   RO          246    .text               smpl_ov7670.o
    0x00006550   0x000005f0   Code   RO          261    .text               smpl_ov7725.o
    0x00006b40   0x000006d8   Code   RO          275    .text               smpl_ov9660.o
    0x00007218   0x00000290   Code   RO          290    .text               smpl_vpost.o
    0x000074a8   0x00000040   Code   RO          309    .text               standalone.o
    0x000074e8   0x000009a4   Code   RO          324    .text               drvi2c.o
    0x00007e8c   0x00000600   Code   RO          354    .text               smpl_wt8861.o
    0x0000848c   0x000005b8   Code   RO          369    .text               smpl_gc0308.o
    0x00008a44   0x00000710   Code   RO          383    .text               smpl_sa71113.o
    0x00009154   0x00000624   Code   RO          398    .text               smpl_sp1628.o
    0x00009778   0x00000854   Code   RO          414    .text               smpl_tw9912.o
    0x00009fcc   0x00000598   Code   RO          428    .text               smpl_tw9900.o
    0x0000a564   0x00000988   Code   RO          442    .text               smpl_gm7150.o
    0x0000aeec   0x00000ce4   Code   RO          463    .text               smpl_nt99142.o
    0x0000bbd0   0x00000a74   Code   RO          479    .text               smpl_ov10633.o
    0x0000c644   0x00000688   Code   RO          495    .text               smpl_sc1046.o
    0x0000cccc   0x00000a58   Code   RO          511    .text               smpl_tvp5150.o
    0x0000d724   0x00000d08   Code   RO          529    .text               smpl_hm1246.o
    0x0000e42c   0x00000cb0   Code   RO          545    .text               smpl_hm2056.o
    0x0000f0dc   0x000018b0   Code   RO          561    .text               W55FA92_VideoIn.lib(videoin0.o)
    0x0001098c   0x0000005c   Code   RO          602    .text               W55FA92_VideoIn.lib(w55fa92_videoin.o)
    0x000109e8   0x0000082c   Code   RO          618    .text               W55FA92_syslib.lib(wb_aic.o)
    0x00011214   0x00000300   Code   RO          648    .text               W55FA92_syslib.lib(wb_cache.o)
    0x00011514   0x00001730   Code   RO          663    .text               W55FA92_syslib.lib(wb_config.o)
    0x00012c44   0x000016cc   Code   RO          683    .text               W55FA92_syslib.lib(wb_timer.o)
    0x00014310   0x00000f70   Code   RO          699    .text               W55FA92_syslib.lib(wb_uart.o)
    0x00015280   0x0000174c   Code   RO         1113    .text               w55fa92_gpio.lib(libgpio.o)
    0x000169cc   0x00002164   Code   RO         1145    .text               w55fa92_jpeglib.lib(jpegcodec.o)
    0x00018b30   0x000028d4   Code   RO         1182    .text               W55FA92_nvtfat.lib(nvtfat.o)
    0x0001b404   0x00000f00   Code   RO         1219    .text               W55FA92_nvtfat.lib(nvtfat_disk.o)
    0x0001c304   0x00000574   Code   RO         1243    .text               W55FA92_nvtfat.lib(nvtfat_language.o)
    0x0001c878   0x000010b8   Code   RO         1260    .text               W55FA92_SIC.lib(sdglue.o)
    0x0001d930   0x0000066c   Code   RO         1320    .text               W55FA92_SIC.lib(sic.o)
    0x0001df9c   0x000018f8   Code   RO         1338    .text               W55FA92_VideoIn.lib(videoin1.o)
    0x0001f894   0x0000039c   Code   RO         1354    .text               W55FA92_syslib.lib(wb_mmu.o)
    0x0001fc30   0x00000500   Code   RO         1411    .text               W55FA92_nvtfat.lib(nvtfat_fat_table.o)
    0x00020130   0x00000950   Code   RO         1428    .text               W55FA92_nvtfat.lib(nvtfat_io.o)
    0x00020a80   0x00002b00   Code   RO         1444    .text               W55FA92_nvtfat.lib(nvtfat_ldisk.o)
    0x00023580   0x0000046c   Code   RO         1468    .text               W55FA92_nvtfat.lib(nvtfat_lib.o)
    0x000239ec   0x0000008c   Code   RO         1485    .text               W55FA92_SIC.lib(fmi.o)
    0x00023a78   0x000020d4   Code   RO         1504    .text               W55FA92_SIC.lib(sd.o)
    0x00025b4c   0x00000d78   Code   RO         1527    .text               W55FA92_nvtfat.lib(nvtfat_dir.o)
    0x000268c4   0x00003538   Code   RO         1539    .text               W55FA92_nvtfat.lib(nvtfat_fop.o)
    0x00029dfc   0x00000062   Code   RO         1567    .text               c_5.l(h1_alloc.o)
    0x00029e5e   0x0000004c   Code   RO         1569    .text               c_5.l(h1_free.o)
    0x00029eaa   0x00000002   PAD
    0x00029eac   0x00000050   Code   RO         1625    .text               c_5.l(llsdiv.o)
    0x00029efc   0x0000001c   Code   RO         1631    .text               c_5.l(noretval__2printf.o)
    0x00029f18   0x00000028   Code   RO         1633    .text               c_5.l(noretval__2sprintf.o)
    0x00029f40   0x0000004e   Code   RO         1637    .text               c_5.l(_printf_pad.o)
    0x00029f8e   0x00000002   PAD
    0x00029f90   0x00000008   Ven    RO         1639    .text               c_5.l(_printf_dec.o)
    0x00029f98   0x0000006c   Code   RO         1639    .text               c_5.l(_printf_dec.o)
    0x0002a004   0x00000138   Code   RO         1653    .text               c_5.l(__printf_flags_wp.o)
    0x0002a13c   0x0000004c   Code   RO         1665    .text               c_5.l(strcpy.o)
    0x0002a188   0x00000044   Code   RO         1667    .text               c_5.l(strlen.o)
    0x0002a1cc   0x00000018   Code   RO         1669    .text               c_5.l(strcat.o)
    0x0002a1e4   0x000000d4   Code   RO         1671    .text               c_5.l(rt_memcpy.o)
    0x0002a2b8   0x00000064   Code   RO         1673    .text               c_5.l(rt_memcpy_w.o)
    0x0002a31c   0x00000010   Code   RO         1675    .text               c_5.l(aeabi_memset.o)
    0x0002a32c   0x00000040   Code   RO         1677    .text               c_5.l(rt_memclr.o)
    0x0002a36c   0x00000054   Code   RO         1679    .text               c_5.l(rt_memclr_w.o)
    0x0002a3c0   0x0000006c   Code   RO         1681    .text               c_5.l(strncpy.o)
    0x0002a42c   0x000000f4   Code   RO         1683    .text               c_5.l(strcmp.o)
    0x0002a520   0x0000017c   Code   RO         1685    .text               c_5.l(aeabi_sdiv.o)
    0x0002a69c   0x0000000c   Code   RO         1729    .text               c_5.l(rt_heap_descriptor_intlibspace.o)
    0x0002a6a8   0x00000004   Code   RO         1731    .text               c_5.l(hguard.o)
    0x0002a6ac   0x00000088   Code   RO         1733    .text               c_5.l(init_alloc.o)
    0x0002a734   0x0000000e   Code   RO         1737    .text               c_5.l(h1_init.o)
    0x0002a742   0x00000002   PAD
    0x0002a744   0x000002f0   Code   RO         1751    .text               c_5.l(lludiv5.o)
    0x0002aa34   0x000000b0   Code   RO         1753    .text               c_5.l(_printf_intcommon.o)
    0x0002aae4   0x00000030   Code   RO         1755    .text               c_5.l(_printf_char_common.o)
    0x0002ab14   0x0000000a   Code   RO         1757    .text               c_5.l(_sputc.o)
    0x0002ab1e   0x00000002   PAD
    0x0002ab20   0x00000028   Code   RO         1759    .text               c_5.l(_printf_char_file.o)
    0x0002ab48   0x0000002c   Code   RO         1768    .text               c_5.l(rtudiv10.o)
    0x0002ab74   0x0000000c   Code   RO         1824    .text               c_5.l(libspace.o)
    0x0002ab80   0x00000034   Code   RO         1852    .text               c_5.l(h1_extend.o)
    0x0002abb4   0x00000008   Code   RO         1858    .text               c_5.l(ferror.o)
    0x0002abbc   0x0000013c   Code   RO         1864    .text               c_5.l(initio.o)
    0x0002acf8   0x0000000c   Code   RO         1872    .text               c_5.l(defsig_rtmem_outer.o)
    0x0002ad04   0x00000050   Code   RO         1876    .text               c_5.l(heapauxa.o)
    0x0002ad54   0x00000066   Code   RO         1885    .text               c_5.l(sys_io.o)
    0x0002adba   0x00000002   PAD
    0x0002adbc   0x00000004   Code   RO         1890    .text               c_5.l(use_no_semi.o)
    0x0002adc0   0x00000000   Code   RO         1892    .text               c_5.l(indicate_semi.o)
    0x0002adc0   0x00000060   Code   RO         1893    .text               c_5.l(sys_stackheap_outer.o)
    0x0002ae20   0x000001f0   Code   RO         1899    .text               c_5.l(flsbuf.o)
    0x0002b010   0x0000004c   Code   RO         1901    .text               c_5.l(setvbuf.o)
    0x0002b05c   0x000000e8   Code   RO         1904    .text               c_5.l(fopen.o)
    0x0002b144   0x0000004c   Code   RO         1906    .text               c_5.l(fclose.o)
    0x0002b190   0x00000010   Code   RO         1912    .text               c_5.l(exit.o)
    0x0002b1a0   0x0000000c   Code   RO         1914    .text               c_5.l(defsig_exit.o)
    0x0002b1ac   0x0000000c   Code   RO         1920    .text               c_5.l(defsig_rtred_outer.o)
    0x0002b1b8   0x00000050   Code   RO         1924    .text               c_5.l(defsig_rtmem_inner.o)
    0x0002b208   0x000000f4   Code   RO         1962    .text               c_5.l(fseek.o)
    0x0002b2fc   0x000000f0   Code   RO         1964    .text               c_5.l(stdio.o)
    0x0002b3ec   0x00000034   Code   RO         1972    .text               c_5.l(defsig_general.o)
    0x0002b420   0x00000034   Code   RO         1976    .text               c_5.l(defsig_rtred_inner.o)
    0x0002b454   0x00000042   Code   RO         1991    .text               c_5.l(ftell.o)
    0x0002b496   0x00000002   PAD
    0x0002b498   0x0000000c   Code   RO         2002    .text               c_5.l(rt_errno_addr_intlibspace.o)
    0x0002b4a4   0x00000024   Code   RO         1686    .text_udiv          c_5.l(aeabi_sdiv.o)
    0x0002b4c8   0x0000000c   Code   RO         1385    MEM_INIT            W55FA92_syslib.lib(wb_dcache.o)
    0x0002b4d4   0x00000024   Code   RO         1524    SYS_INIT            W55FA92_syslib.lib(wb_sysctl.o)
    0x0002b4f8   0x0000000e   Code   RO         1651    i._is_digit         c_5.l(__printf_wp.o)
    0x0002b506   0x00000020   Code   RO         1861    i.fputc             c_5.l(fputc.o)
    0x0002b526   0x00000002   PAD
    0x0002b528   0x00000048   Code   RO          776    i.shift_pointer     W55FA92_GIANTPLUS_GPM1006D.lib(w55fa92_vpost_driver.o)
    0x0002b570   0x000000a0   Code   RO          777    i.vpostAllocVABuffer  W55FA92_GIANTPLUS_GPM1006D.lib(w55fa92_vpost_driver.o)
    0x0002b610   0x00000034   Code   RO          778    i.vpostAllocVABufferFromAP  W55FA92_GIANTPLUS_GPM1006D.lib(w55fa92_vpost_driver.o)
    0x0002b644   0x0000001c   Code   RO          779    i.vpostClearInt     W55FA92_GIANTPLUS_GPM1006D.lib(w55fa92_vpost_driver.o)
    0x0002b660   0x00000044   Code   RO          780    i.vpostClearVABuffer  W55FA92_GIANTPLUS_GPM1006D.lib(w55fa92_vpost_driver.o)
    0x0002b6a4   0x00000024   Code   RO          782    i.vpostEnableInt    W55FA92_GIANTPLUS_GPM1006D.lib(w55fa92_vpost_driver.o)
    0x0002b6c8   0x00000128   Code   RO          785    i.vpostISR          W55FA92_GIANTPLUS_GPM1006D.lib(w55fa92_vpost_driver.o)
    0x0002b7f0   0x000000d4   Code   RO          786    i.vpostInstallCallBack  W55FA92_GIANTPLUS_GPM1006D.lib(w55fa92_vpost_driver.o)
    0x0002b8c4   0x00000028   Code   RO          787    i.vpostIsIntEnabled  W55FA92_GIANTPLUS_GPM1006D.lib(w55fa92_vpost_driver.o)
    0x0002b8ec   0x0000001c   Code   RO          722    i.vpostLCMInit      W55FA92_GIANTPLUS_GPM1006D.lib(w55fa92_vpost.o)
    0x0002b908   0x000001ec   Code   RO         1389    i.vpostLCMInit_GIANTPLUS_GPM1006D0  W55FA92_GIANTPLUS_GPM1006D.lib(w55fa92_vpost_giantplus_gpm1006d0.o)
    0x0002baf4   0x000001d8   Code   RO          791    i.vpostSetDataBusPin  W55FA92_GIANTPLUS_GPM1006D.lib(w55fa92_vpost_driver.o)
    0x0002bccc   0x0000002c   Code   RO          723    i.vpostSetFrameBuffer  W55FA92_GIANTPLUS_GPM1006D.lib(w55fa92_vpost.o)
    0x0002bcf8   0x00000024   Code   RO          793    i.vpostSetFrameBuffer_DataType  W55FA92_GIANTPLUS_GPM1006D.lib(w55fa92_vpost_driver.o)
    0x0002bd1c   0x0000003c   Code   RO          794    i.vpostSetFrameBuffer_Size  W55FA92_GIANTPLUS_GPM1006D.lib(w55fa92_vpost_driver.o)
    0x0002bd58   0x00000020   Code   RO          798    i.vpostSetLCM_ImageSource  W55FA92_GIANTPLUS_GPM1006D.lib(w55fa92_vpost_driver.o)
    0x0002bd78   0x00000024   Code   RO          799    i.vpostSetLCM_TypeSelect  W55FA92_GIANTPLUS_GPM1006D.lib(w55fa92_vpost_driver.o)
    0x0002bd9c   0x00000024   Code   RO          815    i.vpostSetSerialSyncLCM_Interface  W55FA92_GIANTPLUS_GPM1006D.lib(w55fa92_vpost_driver.o)
    0x0002bdc0   0x00000034   Code   RO          816    i.vpostSetSyncLCM_HTiming  W55FA92_GIANTPLUS_GPM1006D.lib(w55fa92_vpost_driver.o)
    0x0002bdf4   0x0000005c   Code   RO          817    i.vpostSetSyncLCM_ImageWindow  W55FA92_GIANTPLUS_GPM1006D.lib(w55fa92_vpost_driver.o)
    0x0002be50   0x0000009c   Code   RO          818    i.vpostSetSyncLCM_SignalPolarity  W55FA92_GIANTPLUS_GPM1006D.lib(w55fa92_vpost_driver.o)
    0x0002beec   0x00000034   Code   RO          819    i.vpostSetSyncLCM_VTiming  W55FA92_GIANTPLUS_GPM1006D.lib(w55fa92_vpost_driver.o)
    0x0002bf20   0x00000024   Code   RO          822    i.vpostSetYUVEndianSelect  W55FA92_GIANTPLUS_GPM1006D.lib(w55fa92_vpost_driver.o)
    0x0002bf44   0x0000001c   Code   RO          823    i.vpostVAStartTrigger  W55FA92_GIANTPLUS_GPM1006D.lib(w55fa92_vpost_driver.o)
    0x0002bf60   0x0000001c   Code   RO          826    i.vpostVAStopTrigger  W55FA92_GIANTPLUS_GPM1006D.lib(w55fa92_vpost_driver.o)
    0x0002bf7c   0x0000003c   Code   RO          828    i.vpostsetLCM_TimingType  W55FA92_GIANTPLUS_GPM1006D.lib(w55fa92_vpost_driver.o)
    0x0002bfb8   0x00000190   Code   RO         1704    x$fpl$fdiv          fz_5s.l(fdiv.o)
    0x0002c148   0x00000054   Code   RO         1707    x$fpl$ffixu         fz_5s.l(ffixu.o)
    0x0002c19c   0x00000030   Code   RO         1712    x$fpl$fflt          fz_5s.l(fflt_clz.o)
    0x0002c1cc   0x00000028   Code   RO         1711    x$fpl$ffltu         fz_5s.l(fflt_clz.o)
    0x0002c1f4   0x00000100   Code   RO         1717    x$fpl$fmul          fz_5s.l(fmul.o)
    0x0002c2f4   0x000000a0   Code   RO         1817    x$fpl$fnaninf       fz_5s.l(fnaninf.o)
    0x0002c394   0x00000010   Code   RO         1819    x$fpl$fretinf       fz_5s.l(fretinf.o)
    0x0002c3a4   0x00000000   Code   RO         1821    x$fpl$usenofp       fz_5s.l(usenofp.o)
    0x0002c3a4   0x00000020   Data   RO          664    .constdata          W55FA92_syslib.lib(wb_config.o)
    0x0002c3c4   0x00000050   Data   RO         1114    .constdata          w55fa92_gpio.lib(libgpio.o)
    0x0002c414   0x00000006   Data   RO         1184    .constdata          W55FA92_nvtfat.lib(nvtfat.o)
    0x0002c41a   0x00000002   PAD
    0x0002c41c   0x00000047   Data   RO         1262    .constdata          W55FA92_SIC.lib(sdglue.o)
    0x0002c463   0x00000001   PAD
    0x0002c464   0x00000018   Data   RO         1390    .constdata          W55FA92_GIANTPLUS_GPM1006D.lib(w55fa92_vpost_giantplus_gpm1006d0.o)
    0x0002c47c   0x00000014   Data   RO         1445    .constdata          W55FA92_nvtfat.lib(nvtfat_ldisk.o)
    0x0002c490   0x00000098   Data   RO         1506    .constdata          W55FA92_SIC.lib(sd.o)
    0x0002c528   0x00000011   Data   RO         1654    .constdata          c_5.l(__printf_flags_wp.o)
    0x0002c539   0x00000004   Data   RO         1886    .constdata          c_5.l(sys_io.o)
    0x0002c53d   0x00000004   Data   RO         1887    .constdata          c_5.l(sys_io.o)
    0x0002c541   0x00000004   Data   RO         1888    .constdata          c_5.l(sys_io.o)
    0x0002c545   0x00000003   PAD
    0x0002c548   0x00000a12   Data   RO            3    .conststring        demo.o
    0x0002cf5a   0x00000002   PAD
    0x0002cf5c   0x000000cb   Data   RO          443    .conststring        smpl_gm7150.o
    0x0002d027   0x00000001   PAD
    0x0002d028   0x000000cd   Data   RO          512    .conststring        smpl_tvp5150.o
    0x0002d0f5   0x00000003   PAD
    0x0002d0f8   0x00000030   Data   RO         2019    Region$$Table       anon$$obj.o


    Execution Region RW_RAM1 (Base: 0x0002d128, Size: 0x00700234, Max: 0xffffffff, ABSOLUTE, COMPRESSED[0x00004910])

    Base Addr    Size         Type   Attr      Idx    E Section Name        Object

    0x0002d128   0x00000038   Data   RW            4    .data               demo.o
    0x0002d160   0x00000008   Data   RW          100    .data               jpegenc.o
    0x0002d168   0x000010c3   Data   RW          129    .data               smpl_hm1375.o
    0x0002e22b   0x00000001   PAD
    0x0002e22c   0x000002b8   Data   RW          164    .data               smpl_nt99050.o
    0x0002e4e4   0x000001f2   Data   RW          183    .data               smpl_nt99141.o
    0x0002e6d6   0x00000002   PAD
    0x0002e6d8   0x000002a0   Data   RW          199    .data               smpl_nt99160.o
    0x0002e978   0x000004e8   Data   RW          215    .data               smpl_nt99252.o
    0x0002ee60   0x0000060b   Data   RW          231    .data               smpl_nt99340.o
    0x0002f46b   0x00000001   PAD
    0x0002f46c   0x00000197   Data   RW          247    .data               smpl_ov7670.o
    0x0002f603   0x00000001   PAD
    0x0002f604   0x000000f5   Data   RW          262    .data               smpl_ov7725.o
    0x0002f6f9   0x00000003   PAD
    0x0002f6fc   0x00000248   Data   RW          276    .data               smpl_ov9660.o
    0x0002f944   0x00000008   Data   RW          291    .data               smpl_vpost.o
    0x0002f94c   0x00000004   Data   RW          326    .data               drvi2c.o
    0x0002f950   0x00000054   Data   RW          355    .data               smpl_wt8861.o
    0x0002f9a4   0x00000202   Data   RW          370    .data               smpl_gc0308.o
    0x0002fba6   0x00000002   PAD
    0x0002fba8   0x000000e7   Data   RW          384    .data               smpl_sa71113.o
    0x0002fc8f   0x00000001   PAD
    0x0002fc90   0x0000090a   Data   RW          399    .data               smpl_sp1628.o
    0x0003059a   0x00000002   PAD
    0x0003059c   0x000001da   Data   RW          415    .data               smpl_tw9912.o
    0x00030776   0x00000002   PAD
    0x00030778   0x000001af   Data   RW          429    .data               smpl_tw9900.o
    0x00030927   0x00000001   PAD
    0x00030928   0x00000015   Data   RW          444    .data               smpl_gm7150.o
    0x0003093d   0x00000003   PAD
    0x00030940   0x00000353   Data   RW          464    .data               smpl_nt99142.o
    0x00030c93   0x00000001   PAD
    0x00030c94   0x000021b4   Data   RW          480    .data               smpl_ov10633.o
    0x00032e48   0x00000015   Data   RW          496    .data               smpl_sc1046.o
    0x00032e5d   0x00000003   PAD
    0x00032e60   0x00000065   Data   RW          513    .data               smpl_tvp5150.o
    0x00032ec5   0x00000003   PAD
    0x00032ec8   0x0000185c   Data   RW          530    .data               smpl_hm1246.o
    0x00034724   0x000010b0   Data   RW          546    .data               smpl_hm2056.o
    0x000357d4   0x00000070   Data   RW          563    .data               W55FA92_VideoIn.lib(videoin0.o)
    0x00035844   0x00000184   Data   RW          619    .data               W55FA92_syslib.lib(wb_aic.o)
    0x000359c8   0x00000008   Data   RW          649    .data               W55FA92_syslib.lib(wb_cache.o)
    0x000359d0   0x0000002a   Data   RW          665    .data               W55FA92_syslib.lib(wb_config.o)
    0x000359fa   0x00000002   PAD
    0x000359fc   0x00000098   Data   RW          685    .data               W55FA92_syslib.lib(wb_timer.o)
    0x00035a94   0x00000021   Data   RW          701    .data               W55FA92_syslib.lib(wb_uart.o)
    0x00035ab5   0x00000003   PAD
    0x00035ab8   0x00000008   Data   RW          724    .data               W55FA92_GIANTPLUS_GPM1006D.lib(w55fa92_vpost.o)
    0x00035ac0   0x00000004   Data   RW          830    .data               W55FA92_GIANTPLUS_GPM1006D.lib(w55fa92_vpost_driver.o)
    0x00035ac4   0x0000010c   Data   RW         1147    .data               w55fa92_jpeglib.lib(jpegcodec.o)
    0x00035bd0   0x0000000c   Data   RW         1185    .data               W55FA92_nvtfat.lib(nvtfat.o)
    0x00035bdc   0x00000010   Data   RW         1221    .data               W55FA92_nvtfat.lib(nvtfat_disk.o)
    0x00035bec   0x0000006c   Data   RW         1263    .data               W55FA92_SIC.lib(sdglue.o)
    0x00035c58   0x00000002   Data   RW         1321    .data               W55FA92_SIC.lib(sic.o)
    0x00035c5a   0x00000002   PAD
    0x00035c5c   0x00000070   Data   RW         1340    .data               W55FA92_VideoIn.lib(videoin1.o)
    0x00035ccc   0x00000008   Data   RW         1356    .data               W55FA92_syslib.lib(wb_mmu.o)
    0x00035cd4   0x00000010   Data   RW         1413    .data               W55FA92_nvtfat.lib(nvtfat_fat_table.o)
    0x00035ce4   0x00000010   Data   RW         1430    .data               W55FA92_nvtfat.lib(nvtfat_io.o)
    0x00035cf4   0x00000018   Data   RW         1446    .data               W55FA92_nvtfat.lib(nvtfat_ldisk.o)
    0x00035d0c   0x00000010   Data   RW         1470    .data               W55FA92_nvtfat.lib(nvtfat_lib.o)
    0x00035d1c   0x00000010   Data   RW         1486    .data               W55FA92_SIC.lib(fmi.o)
    0x00035d2c   0x00000014   Data   RW         1507    .data               W55FA92_SIC.lib(sd.o)
    0x00035d40   0x00000034   Data   RW         1540    .data               W55FA92_nvtfat.lib(nvtfat_fop.o)
    0x00035d74   0x00000004   Data   RW         1765    .data               c_5.l(stdio_streams.o)
    0x00035d78   0x00000004   Data   RW         1766    .data               c_5.l(stdio_streams.o)
    0x00035d7c   0x00000004   Data   RW         1767    .data               c_5.l(stdio_streams.o)
    0x00035d80   0x00000004   Data   RW         1877    .data               c_5.l(heapauxa.o)
    0x00035d84   0x0000007c   PAD
    0x00035e00   0x00593b38   Zero   RW            2    .bss                demo.o
    0x005c9938   0x00000008   PAD
    0x005c9940   0x00100000   Zero   RW           99    .bss                jpegenc.o
    0x006c9940   0x00000010   Zero   RW          325    .bss                drvi2c.o
    0x006c9950   0x00000010   Zero   RW          562    .bss                W55FA92_VideoIn.lib(videoin0.o)
    0x006c9960   0x00000280   Zero   RW          684    .bss                W55FA92_syslib.lib(wb_timer.o)
    0x006c9be0   0x00000174   Zero   RW          700    .bss                W55FA92_syslib.lib(wb_uart.o)
    0x006c9d54   0x00000010   Zero   RW          829    .bss                W55FA92_GIANTPLUS_GPM1006D.lib(w55fa92_vpost_driver.o)
    0x006c9d64   0x00000024   Zero   RW         1146    .bss                w55fa92_jpeglib.lib(jpegcodec.o)
    0x006c9d88   0x00000018   PAD
    0x006c9da0   0x0000ebe0   Zero   RW         1183    .bss                W55FA92_nvtfat.lib(nvtfat.o)
    0x006d8980   0x00000244   Zero   RW         1220    .bss                W55FA92_nvtfat.lib(nvtfat_disk.o)
    0x006d8bc4   0x00000040   Zero   RW         1244    .bss                W55FA92_nvtfat.lib(nvtfat_language.o)
    0x006d8c04   0x00000150   Zero   RW         1261    .bss                W55FA92_SIC.lib(sdglue.o)
    0x006d8d54   0x00000010   Zero   RW         1339    .bss                W55FA92_VideoIn.lib(videoin1.o)
    0x006d8d64   0x0000329c   PAD
    0x006dc000   0x00024000   Zero   RW         1355    .bss                W55FA92_syslib.lib(wb_mmu.o)
    0x00700000   0x00002000   Zero   RW         1371    .bss                W55FA92_syslib.lib(wb_power.o)
    0x00702000   0x00008100   Zero   RW         1412    .bss                W55FA92_nvtfat.lib(nvtfat_fat_table.o)
    0x0070a100   0x00000f00   PAD
    0x0070b000   0x00020200   Zero   RW         1429    .bss                W55FA92_nvtfat.lib(nvtfat_io.o)
    0x0072b200   0x00001000   Zero   RW         1469    .bss                W55FA92_nvtfat.lib(nvtfat_lib.o)
    0x0072c200   0x00000e00   PAD
    0x0072d000   0x00000200   Zero   RW         1505    .bss                W55FA92_SIC.lib(sd.o)
    0x0072d200   0x00000054   Zero   RW         1762    .bss                c_5.l(stdio_streams.o)
    0x0072d254   0x00000054   Zero   RW         1763    .bss                c_5.l(stdio_streams.o)
    0x0072d2a8   0x00000054   Zero   RW         1764    .bss                c_5.l(stdio_streams.o)
    0x0072d2fc   0x00000060   Zero   RW         1825    .bss                c_5.l(libspace.o)


    Execution Region ZI (Base: 0x0072d35c, Size: 0x00000000, Max: 0xffffffff, ABSOLUTE)

    **** No section assigned to this execution region ****


==============================================================================

Image component sizes


      Code (inc. data)   RO Data    RW Data    ZI Data      Debug   Object Name

      6332       1476       2578         56    5847864      17434   demo.o
      2468         16          0          4         16       6631   drvi2c.o
       360        144          0          0          0       4016   filewrite.o
       636        116          0          8    1048576       5733   jpegenc.o
      1464        148          0        514          0       3054   smpl_gc0308.o
      2440        260        203         21          0       4339   smpl_gm7150.o
      3336        188          0       6236          0       5552   smpl_hm1246.o
      2320        164          0       4291          0       5987   smpl_hm1375.o
      3248        196          0       4272          0       5334   smpl_hm2056.o
       292          8          0          0          0       1127   smpl_i2c.o
      1736        196          0        696          0       4025   smpl_nt99050.o
      3812        240          0        498          0       5993   smpl_nt99141.o
      3300        332          0        851          0       5452   smpl_nt99142.o
      3044        176          0        672          0       5276   smpl_nt99160.o
      2384        176          0       1256          0       4810   smpl_nt99252.o
      3044        176          0       1547          0       5422   smpl_nt99340.o
      2676        232          0       8628          0       6118   smpl_ov10633.o
      1444        148          0        407          0       3035   smpl_ov7670.o
      1520        148          0        245          0       3038   smpl_ov7725.o
      1752        140          0        584          0       3821   smpl_ov9660.o
      1808        144          0        231          0       3347   smpl_sa71113.o
      1672        196          0         21          0       3822   smpl_sc1046.o
      1572        192          0       2314          0       3506   smpl_sp1628.o
      2648        240        205        101          0       4699   smpl_tvp5150.o
      1432        152          0        431          0       3306   smpl_tw9900.o
      2132        360          0        474          0       4155   smpl_tw9912.o
       656         56          0          8          0       9717   smpl_vpost.o
      1536        140          0         84          0       3181   smpl_wt8861.o
        64          4          0          0          0       1497   standalone.o
       176         60          0          0          0        372   wb_init.o

    ----------------------------------------------------------------------
     61304       6224       3040      34476    6896464     143799   Object Totals
         0          0         48          0          0          0   (incl. Generated)
         0          0          6         26          8          0   (incl. Padding)

    ----------------------------------------------------------------------

      Code (inc. data)   RO Data    RW Data    ZI Data      Debug   Library Member Name

        72          8          0          8          0       9297   w55fa92_vpost.o
      2140        120          0          4         16      18526   w55fa92_vpost_driver.o
       492         32         24          0          0       8371   w55fa92_vpost_giantplus_gpm1006d0.o
       140         20          0         16          0       1797   fmi.o
      8404       1288        152         20        512      11619   sd.o
      4280        276         71        108        336      27018   sdglue.o
      1644         32          0          2          0       8961   sic.o
      6320        140          0        112         16      22589   videoin0.o
      6392        196          0        112         16      18558   videoin1.o
        92          8          0          0          0        926   w55fa92_videoin.o
     10452        192          6         12      60384      38343   nvtfat.o
      3448         12          0          0          0       6304   nvtfat_dir.o
      3840         68          0         16        580      21409   nvtfat_disk.o
      1280         40          0         16      33024       3772   nvtfat_fat_table.o
     13624         68          0         52          0      30744   nvtfat_fop.o
      2384         32          0         16     131584       6449   nvtfat_io.o
      1396          4          0          0         64       4921   nvtfat_language.o
     11008        128         20         24          0      29983   nvtfat_ldisk.o
      1132         20          0         16       4096       3982   nvtfat_lib.o
      2092         24          0        388          0      10779   wb_aic.o
       768         20          0          8          0       3028   wb_cache.o
      5936        456         32         42          0      13573   wb_config.o
        12          0          0          0          0        260   wb_dcache.o
       924         24          0          8     147456       3880   wb_mmu.o
         0          0          0          0       8192        647   wb_power.o
        36          0          0          0          0        268   wb_sysctl.o
      5836        224          0        152        640      10098   wb_timer.o
      3952         80          0         33        372       6950   wb_uart.o
        96          2          0          0          0          0   __dclz77c.o
         8          0          0          0          0         68   __main.o
       312          6         17          0          0         76   __printf_flags_wp.o
        14          0          0          0          0         60   __printf_wp.o
         0          0          0          0          0          0   __rtentry.o
        44          4          0          0          0          0   __rtentry2.o
         8          0          0          0          0          0   __rtentry4.o
        60          8          0          0          0          0   __scatter.o
        40          0          0          0          0          0   __scatter_copy.o
        44          0          0          0          0          0   __scatter_zi.o
        48          6          0          0          0         88   _printf_char_common.o
        40          6          0          0          0         72   _printf_char_file.o
         8          0          0          0          0          0   _printf_d.o
       116         18          0          0          0         76   _printf_dec.o
       176          0          0          0          0         84   _printf_intcommon.o
        78          0          0          0          0        100   _printf_pad.o
         0          0          0          0          0          0   _printf_percent.o
         8          0          0          0          0          0   _printf_percent_end.o
        10          0          0          0          0         60   _sputc.o
        16          0          0          0          0         68   aeabi_memset.o
       416          0          0          0          0        144   aeabi_sdiv.o
        12          0          0          0          0         68   defsig_exit.o
        52          0          0          0          0         72   defsig_general.o
        80         58          0          0          0         68   defsig_rtmem_inner.o
        12          0          0          0          0         68   defsig_rtmem_outer.o
        52         38          0          0          0         68   defsig_rtred_inner.o
        12          0          0          0          0         68   defsig_rtred_outer.o
        16          0          0          0          0         68   exit.o
        76          4          0          0          0         76   fclose.o
         8          0          0          0          0         60   ferror.o
       496          8          0          0          0         76   flsbuf.o
       232          8          0          0          0        108   fopen.o
        32          0          0          0          0         68   fputc.o
       244          4          0          0          0         76   fseek.o
        66          0          0          0          0         68   ftell.o
        98          0          0          0          0         72   h1_alloc.o
        52          0          0          0          0         68   h1_extend.o
        76          0          0          0          0         72   h1_free.o
        14          0          0          0          0         76   h1_init.o
        80          4          0          4          0         88   heapauxa.o
         4          0          0          0          0        120   hguard.o
         0          0          0          0          0          0   indicate_semi.o
       136          0          0          0          0        160   init_alloc.o
       316         44          0          0          0         96   initio.o
         2          0          0          0          0          0   libinit.o
        14          0          0          0          0          0   libinit2.o
         2          0          0          0          0          0   libshutdown.o
         6          0          0          0          0          0   libshutdown2.o
        12          4          0          0         96         68   libspace.o
        80          0          0          0          0         76   llsdiv.o
       752         64          0          0          0         84   lludiv5.o
         0          0          0          0          0          0   maybetermalloc1.o
        28          6          0          0          0         84   noretval__2printf.o
        40          4          0          0          0         84   noretval__2sprintf.o
        12          4          0          0          0         68   rt_errno_addr_intlibspace.o
        12          4          0          0          0         68   rt_heap_descriptor_intlibspace.o
        64          0          0          0          0         68   rt_memclr.o
        84          0          0          0          0         80   rt_memclr_w.o
       212          0          0          0          0         68   rt_memcpy.o
       100          0          0          0          0         80   rt_memcpy_w.o
         4          0          0          0          0          0   rtexit.o
        12          0          0          0          0          0   rtexit2.o
        44          0          0          0          0         68   rtudiv10.o
        76          4          0          0          0         72   setvbuf.o
       240          8          0          0          0        144   stdio.o
         0          0          0         12        252          0   stdio_streams.o
        24          0          0          0          0         60   strcat.o
       244          4          0          0          0         80   strcmp.o
        76          4          0          0          0         72   strcpy.o
        68          6          0          0          0         72   strlen.o
       108          4          0          0          0         76   strncpy.o
       102          0         12          0          0        232   sys_io.o
        96          0          0          0          0         80   sys_stackheap_outer.o
         4          0          0          0          0         68   use_no_semi.o
       400         76          0          0          0         96   fdiv.o
        84          4          0          0          0         84   ffixu.o
        88          0          0          0          0        136   fflt_clz.o
       256          4          0          0          0         84   fmul.o
       160          0          0          0          0         84   fnaninf.o
        16          0          0          0          0         68   fretinf.o
         0          0          0          0          0          0   usenofp.o
      5964         72         80          0          0       6788   libgpio.o
      8548        316          0        268         36      16225   jpegcodec.o

    ----------------------------------------------------------------------
    119852       4318        420       1456     408200     351129   Library Totals
        14          0          6          7      20528          0   (incl. Padding)

    ----------------------------------------------------------------------

      Code (inc. data)   RO Data    RW Data    ZI Data      Debug   Library Name

      2704        160         24         12         16      36194   W55FA92_GIANTPLUS_GPM1006D.lib
     14468       1616        223        146        848      49395   W55FA92_SIC.lib
     12804        344          0        224         32      42073   W55FA92_VideoIn.lib
     48564        564         26        152     229732     145907   W55FA92_nvtfat.lib
     19556        828         32        631     156660      49483   W55FA92_syslib.lib
      6226        334         29         16        348       4512   c_5.l
      1004         84          0          0          0        552   fz_5s.l
      5964         72         80          0          0       6788   w55fa92_gpio.lib
      8548        316          0        268         36      16225   w55fa92_jpeglib.lib

    ----------------------------------------------------------------------
    119852       4318        420       1456     408200     351129   Library Totals

    ----------------------------------------------------------------------

==============================================================================


      Code (inc. data)   RO Data    RW Data    ZI Data      Debug   

    181156      10542       3460      35932    7304664     486344   Grand Totals
    181156      10542       3460      18704    7304664     486344   ELF Image Totals (compressed)
    181156      10542       3460      18704          0          0   ROM Totals

==============================================================================

    Total RO  Size (Code + RO Data)               184616 ( 180.29kB)
    Total RW  Size (RW Data + ZI Data)           7340596 (7168.55kB)
    Total ROM Size (Code + RO Data + RW Data)     203320 ( 198.55kB)

==============================================================================

