<html>
<body>
<pre>
<h1>µVision Build Log</h1>
<h2>Tool Versions:</h2>
IDE-Version: £gVision V5.24.0.0
Copyright (C) 2017 ARM Ltd and ARM Germany GmbH. All rights reserved.
License Information: SW SW, SW, LIC=BL2VE-5IEW5-HPMZN-Y3BFS-8CHLZ-A2JW8
 
Tool Versions:
Toolchain:       MDK-ARM Professional  Version: 5.24.0.0
Toolchain Path:  C:\Keil_v5\ARM\ARMCC\Bin
C Compiler:      Armcc.exe V5.06 update 5 (build 528)
Assembler:       Armasm.exe V5.06 update 5 (build 528)
Linker/Locator:  ArmLink.exe V5.06 update 5 (build 528)
Library Manager: ArmAr.exe V5.06 update 5 (build 528)
Hex Converter:   FromElf.exe V5.06 update 5 (build 528)
CPU DLL:         SARM.DLL V5.24.0.0
Dialog DLL:      DARMATS9.DLL V1.22.0.0
Target DLL:      Segger\JLTAgdi.dll V1.43
Dialog DLL:      TARMATS9.DLL V1.21.0.0
 
<h2>Project:</h2>
F:\ARM_Project\W55FA92\FTP\W55ARM_FlashLite\Non-OS\VideoIn\Example\VIN_DEMO\KEIL\VIN_DEMO.uvproj
Project File Date:  07/24/2018

<h2>Output:</h2>
*** Using Compiler 'V5.06 update 5 (build 528)', folder: 'C:\Keil_v5\ARM\ARMCC\Bin'
Rebuild target 'PC2M01-2D01-GP-QVGA-Port1'
compiling jpegEnc.c...
compiling Smpl_HM1375.c...
compiling FileWrite.c...
compiling demo.c...
..\..\demo.c(274): warning:  #550-D: variable "u32Channel"  was set but never used
  	UINT32 u32Channel;
..\..\demo.c(350): warning:  #520-D: initialization with "{...}" expected for aggregate object
  IQ_S SensorIQ=0;
..\..\demo.c(527): warning:  #223-D: function "Smpl_HM2056_HD" declared implicitly
  				Smpl_HM2056_HD(u8PacketFrameBuffer, u8PacketFrameBuffer1, u8PacketFrameBuffer2);	
..\..\demo.c(531): warning:  #223-D: function "Smpl_HM2056_VGA" declared implicitly
  				Smpl_HM2056_VGA(u8PacketFrameBuffer, u8PacketFrameBuffer1, u8PacketFrameBuffer2);	
..\..\demo.c(534): warning:  #223-D: function "Smpl_HM2056_LightMode" declared implicitly
  				Smpl_HM2056_LightMode();
..\..\demo.c(537): warning:  #223-D: function "Smpl_NT99141_VGA_MotionDetection" declared implicitly
  				Smpl_NT99141_VGA_MotionDetection(u8PacketFrameBuffer, u8PacketFrameBuffer1, u8PacketFrameBuffer2);
..\..\demo.c(541): warning:  #223-D: function "Smpl_HM1246_VGA" declared implicitly
  				Smpl_HM1246_VGA(u8PacketFrameBuffer, u8PacketFrameBuffer1, u8PacketFrameBuffer2);	
..\..\demo.c(544): warning:  #223-D: function "Smpl_HM1246_HD720P" declared implicitly
  				Smpl_HM1246_HD720P(u8PacketFrameBuffer, u8PacketFrameBuffer1, u8PacketFrameBuffer2);	
..\..\demo.c(547): warning:  #223-D: function "Smpl_HM1246_SXGA" declared implicitly
  				Smpl_HM1246_SXGA(u8PacketFrameBuffer, u8PacketFrameBuffer1, u8PacketFrameBuffer2);	
..\..\demo.c(599): warning:  #111-D: statement is unreachable
  	    				break;
..\..\demo.c(613): warning:  #111-D: statement is unreachable
  	    				pSensorIQ->IQ_SetHue(u32Item);
..\..\demo.c(631): warning:  #111-D: statement is unreachable
  	    				break;	
..\..\demo.c(648): warning:  #111-D: statement is unreachable
  	    				break;
..\..\demo.c: 13 warnings, 0 errors
compiling Smpl_I2C.c...
compiling Smpl_NT99050.c...
compiling Smpl_NT99141.c...
compiling Smpl_NT99160.c...
compiling Smpl_NT99252.c...
compiling Smpl_OV7670.c...
compiling Smpl_NT99340.c...
compiling Smpl_OV7725.c...
compiling standalone.c...
assembling wb_init.s...
compiling Smpl_OV9660.c...
compiling Smpl_VPOST.c...
compiling DrvI2C.c...
compiling Smpl_WT8861.c...
..\..\WT8861\WT8861_CCIR656.dat(32): warning:  #1-D: last line of file ends without a newline
  	{0xDE, 0x81} 
..\..\Smpl_WT8861.c(434): warning:  #1-D: last line of file ends without a newline
  	
..\..\Smpl_WT8861.c(75): warning:  #177-D: function "SnrReset"  was declared but never referenced
  static void SnrReset(void)
..\..\Smpl_WT8861.c: 3 warnings, 0 errors
compiling Smpl_GC0308.c...
compiling Smpl_SA71113.c...
..\..\Smpl_SA71113.c(305): warning:  #188-D: enumerated type mixed with another type
  					mode,	//0: CCIR601.	1: CCIR656 	
..\..\Smpl_SA71113.c(310): warning:  #188-D: enumerated type mixed with another type
  					mode,	//0: CCIR601.	1: CCIR656 	
..\..\Smpl_SA71113.c(329): warning:  #188-D: enumerated type mixed with another type
  					mode,	//0: CCIR601.	1: CCIR656 	
..\..\Smpl_SA71113.c(334): warning:  #188-D: enumerated type mixed with another type
  					mode,	//0: CCIR601.	1: CCIR656 	
..\..\Smpl_SA71113.c(360): warning:  #223-D: function "jpegOpen" declared implicitly
  		jpegOpen ();
..\..\Smpl_SA71113.c(373): warning:  #1-D: last line of file ends without a newline
  	
..\..\Smpl_SA71113.c: 6 warnings, 0 errors
compiling Smpl_SP1628.c...
..\..\SP1628\SP1628_48M_720p_16_18fps_9.dat(394): warning:  #1-D: last line of file ends without a newline
  	{0x30 , 0x00}
..\..\SP1628\SP1628_48M_720p_16_18fps_9.dat(394): warning:  #1-D: last line of file ends without a newline
  	{0x30 , 0x00}
..\..\Smpl_SP1628.c: 2 warnings, 0 errors
compiling Smpl_TW9900.c...
compiling Smpl_TW9912.c...
..\..\TW9912\TW9912_NTSC.dat(104): warning:  #1-D: last line of file ends without a newline
  	
..\..\Smpl_TW9912.c: 1 warning, 0 errors
compiling Smpl_GM7150.c...
..\..\GM7150\GM7150.dat(135): warning:  #1-D: last line of file ends without a newline
  #endif
..\..\Smpl_GM7150.c: 1 warning, 0 errors
compiling Smpl_SC1046.c...
compiling Smpl_NT99142.c...
..\..\NT99142\NT99142_Init.dat(198): warning:  #1-D: last line of file ends without a newline
  		{0x3292, 0x73},	     
..\..\Smpl_NT99142.c: 1 warning, 0 errors
compiling Smpl_OV10633.c...
..\..\OV10633\OV10633_VGA.dat(1064): warning:  #1-D: last line of file ends without a newline
  {0x380f, 0x14},
..\..\Smpl_OV10633.c(524): warning:  #1-D: last line of file ends without a newline
  }
..\..\Smpl_OV10633.c: 2 warnings, 0 errors
compiling Smpl_TVP5150.c...
compiling Smpl_HM2056.c...
..\..\HM2056\HM2056_VGA.dat(520): warning:  #1-D: last line of file ends without a newline
  {0x0005,0x01},
..\..\Smpl_HM2056.c: 1 warning, 0 errors
compiling Smpl_HM1246.c...
..\..\HM1246\HM1245_30fps_640x480_Init.dat(741): warning:  #1-D: last line of file ends without a newline
  {0x0100,0x01}
..\..\HM1246\HM1245_720P_25FPS_60Mhz.dat(54): warning:  #1-D: last line of file ends without a newline
  {0x0100,0x01},
..\..\HM1246\HM1245_YUV_30fps_1280x960_automotive.dat(738): warning:  #1-D: last line of file ends without a newline
  {0x0100,0x01},
..\..\Smpl_HM1246.c: 3 warnings, 0 errors
linking...
Program Size: Code=181156 RO-data=3460 RW-data=35932 ZI-data=7304664  
After Build - User command #1: fromelf.exe --bin --output "F:\ARM_Project\W55FA92\FTP\W55ARM_FlashLite\Non-OS\VideoIn\Example\VIN_DEMO\KEIL\VIN_DEMO_Data\PC2M01-2D01-GP-QVGA-Port1\VIN_DEMO.bin" "F:\ARM_Project\W55FA92\FTP\W55ARM_FlashLite\Non-OS\VideoIn\Example\VIN_DEMO\KEIL\VIN_DEMO_Data\PC2M01-2D01-GP-QVGA-Port1\VIN_DEMO.axf"
".\VIN_DEMO_Data\PC2M01-2D01-GP-QVGA-Port1\VIN_DEMO.axf" - 0 Error(s), 33 Warning(s).
Build Time Elapsed:  00:00:03
</pre>
</body>
</html>
